mmsz@ubuntu:~/Desktop/linux-5.11.6$ dmesg
[    0.000000] Linux version 4.15.0-136-generic (buildd@lcy01-amd64-029) (gcc version 7.5.0 (Ubuntu 7.5.0-3ubuntu1~18.04)) #140-Ubuntu SMP Thu Jan 28 05:20:47 UTC 2021 (Ubuntu 4.15.0-136.140-generic 4.15.18)
[    0.000000] Command line: BOOT_IMAGE=/boot/vmlinuz-4.15.0-136-generic root=UUID=f91e82b3-baa6-49da-b3be-a15e4118832b ro find_preseed=/preseed.cfg auto noprompt priority=critical locale=en_US quiet
[    0.000000] KERNEL supported cpus:
[    0.000000]   Intel GenuineIntel
[    0.000000]   AMD AuthenticAMD
[    0.000000]   Centaur CentaurHauls
[    0.000000] Disabled fast string operations
[    0.000000] x86/fpu: Supporting XSAVE feature 0x001: 'x87 floating point registers'
[    0.000000] x86/fpu: Supporting XSAVE feature 0x002: 'SSE registers'
[    0.000000] x86/fpu: Supporting XSAVE feature 0x004: 'AVX registers'
[    0.000000] x86/fpu: xstate_offset[2]:  576, xstate_sizes[2]:  256
[    0.000000] x86/fpu: Enabled xstate features 0x7, context size is 832 bytes, using 'compacted' format.
[    0.000000] e820: BIOS-provided physical RAM map:
[    0.000000] BIOS-e820: [mem 0x0000000000000000-0x000000000009e7ff] usable
[    0.000000] BIOS-e820: [mem 0x000000000009e800-0x000000000009ffff] reserved
[    0.000000] BIOS-e820: [mem 0x00000000000dc000-0x00000000000fffff] reserved
[    0.000000] BIOS-e820: [mem 0x0000000000100000-0x00000000bfecffff] usable
[    0.000000] BIOS-e820: [mem 0x00000000bfed0000-0x00000000bfefefff] ACPI data
[    0.000000] BIOS-e820: [mem 0x00000000bfeff000-0x00000000bfefffff] ACPI NVS
[    0.000000] BIOS-e820: [mem 0x00000000bff00000-0x00000000bfffffff] usable
[    0.000000] BIOS-e820: [mem 0x00000000f0000000-0x00000000f7ffffff] reserved
[    0.000000] BIOS-e820: [mem 0x00000000fec00000-0x00000000fec0ffff] reserved
[    0.000000] BIOS-e820: [mem 0x00000000fee00000-0x00000000fee00fff] reserved
[    0.000000] BIOS-e820: [mem 0x00000000fffe0000-0x00000000ffffffff] reserved
[    0.000000] BIOS-e820: [mem 0x0000000100000000-0x000000013fffffff] usable
[    0.000000] NX (Execute Disable) protection: active
[    0.000000] SMBIOS 2.7 present.
[    0.000000] DMI: VMware, Inc. VMware Virtual Platform/440BX Desktop Reference Platform, BIOS 6.00 02/27/2020
[    0.000000] Hypervisor detected: VMware
[    0.000000] vmware: TSC freq read from hypervisor : 2808.002 MHz
[    0.000000] vmware: Host bus clock speed read from hypervisor : 66000000 Hz
[    0.000000] vmware: using sched offset of 5472365988 ns
[    0.000000] e820: update [mem 0x00000000-0x00000fff] usable ==> reserved
[    0.000000] e820: remove [mem 0x000a0000-0x000fffff] usable
[    0.000000] e820: last_pfn = 0x140000 max_arch_pfn = 0x400000000
[    0.000000] MTRR default type: uncachable
[    0.000000] MTRR fixed ranges enabled:
[    0.000000]   00000-9FFFF write-back
[    0.000000]   A0000-BFFFF uncachable
[    0.000000]   C0000-CFFFF write-protect
[    0.000000]   D0000-EFFFF uncachable
[    0.000000]   F0000-FFFFF write-protect
[    0.000000] MTRR variable ranges enabled:
[    0.000000]   0 base 00000000000 mask 7E000000000 write-back
[    0.000000]   1 base 000C0000000 mask 7FFC0000000 uncachable
[    0.000000]   2 disabled
[    0.000000]   3 disabled
[    0.000000]   4 disabled
[    0.000000]   5 disabled
[    0.000000]   6 disabled
[    0.000000]   7 disabled
[    0.000000] x86/PAT: Configuration [0-7]: WB  WC  UC- UC  WB  WP  UC- WT  
[    0.000000] total RAM covered: 130048M
[    0.000000] Found optimal setting for mtrr clean up
[    0.000000]  gran_size: 64K 	chunk_size: 64K 	num_reg: 7  	lose cover RAM: 0G
[    0.000000] e820: update [mem 0xc0000000-0xffffffff] usable ==> reserved
[    0.000000] e820: last_pfn = 0xc0000 max_arch_pfn = 0x400000000
[    0.000000] found SMP MP-table at [mem 0x000f6a70-0x000f6a7f]
[    0.000000] Scanning 1 areas for low memory corruption
[    0.000000] Using GB pages for direct mapping
[    0.000000] RAMDISK: [mem 0x311e9000-0x348ebfff]
[    0.000000] ACPI: Early table checksum verification disabled
[    0.000000] ACPI: RSDP 0x00000000000F6A00 000024 (v02 PTLTD )
[    0.000000] ACPI: XSDT 0x00000000BFEDC633 00005C (v01 INTEL  440BX    06040000 VMW  01324272)
[    0.000000] ACPI: FACP 0x00000000BFEFEE73 0000F4 (v04 INTEL  440BX    06040000 PTL  000F4240)
[    0.000000] ACPI: DSDT 0x00000000BFEDD9E8 02148B (v01 PTLTD  Custom   06040000 MSFT 03000001)
[    0.000000] ACPI: FACS 0x00000000BFEFFFC0 000040
[    0.000000] ACPI: FACS 0x00000000BFEFFFC0 000040
[    0.000000] ACPI: BOOT 0x00000000BFEDD9C0 000028 (v01 PTLTD  $SBFTBL$ 06040000  LTP 00000001)
[    0.000000] ACPI: APIC 0x00000000BFEDD27E 000742 (v01 PTLTD  ? APIC   06040000  LTP 00000000)
[    0.000000] ACPI: MCFG 0x00000000BFEDD242 00003C (v01 PTLTD  $PCITBL$ 06040000  LTP 00000001)
[    0.000000] ACPI: SRAT 0x00000000BFEDC72F 0008D0 (v02 VMWARE MEMPLUG  06040000 VMW  00000001)
[    0.000000] ACPI: HPET 0x00000000BFEDC6F7 000038 (v01 VMWARE VMW HPET 06040000 VMW  00000001)
[    0.000000] ACPI: WAET 0x00000000BFEDC6CF 000028 (v01 VMWARE VMW WAET 06040000 VMW  00000001)
[    0.000000] ACPI: Local APIC address 0xfee00000
[    0.000000] system APIC only can use physical flat
[    0.000000] Setting APIC routing to physical flat.
[    0.000000] SRAT: PXM 0 -> APIC 0x00 -> Node 0
[    0.000000] SRAT: PXM 0 -> APIC 0x02 -> Node 0
[    0.000000] SRAT: PXM 0 -> APIC 0x04 -> Node 0
[    0.000000] SRAT: PXM 0 -> APIC 0x06 -> Node 0
[    0.000000] SRAT: PXM 0 -> APIC 0x08 -> Node 0
[    0.000000] SRAT: PXM 0 -> APIC 0x0a -> Node 0
[    0.000000] SRAT: PXM 0 -> APIC 0x0c -> Node 0
[    0.000000] SRAT: PXM 0 -> APIC 0x0e -> Node 0
[    0.000000] SRAT: PXM 0 -> APIC 0x10 -> Node 0
[    0.000000] SRAT: PXM 0 -> APIC 0x12 -> Node 0
[    0.000000] SRAT: PXM 0 -> APIC 0x14 -> Node 0
[    0.000000] SRAT: PXM 0 -> APIC 0x16 -> Node 0
[    0.000000] SRAT: PXM 0 -> APIC 0x18 -> Node 0
[    0.000000] SRAT: PXM 0 -> APIC 0x1a -> Node 0
[    0.000000] SRAT: PXM 0 -> APIC 0x1c -> Node 0
[    0.000000] SRAT: PXM 0 -> APIC 0x1e -> Node 0
[    0.000000] SRAT: PXM 0 -> APIC 0x20 -> Node 0
[    0.000000] SRAT: PXM 0 -> APIC 0x22 -> Node 0
[    0.000000] SRAT: PXM 0 -> APIC 0x24 -> Node 0
[    0.000000] SRAT: PXM 0 -> APIC 0x26 -> Node 0
[    0.000000] SRAT: PXM 0 -> APIC 0x28 -> Node 0
[    0.000000] SRAT: PXM 0 -> APIC 0x2a -> Node 0
[    0.000000] SRAT: PXM 0 -> APIC 0x2c -> Node 0
[    0.000000] SRAT: PXM 0 -> APIC 0x2e -> Node 0
[    0.000000] SRAT: PXM 0 -> APIC 0x30 -> Node 0
[    0.000000] SRAT: PXM 0 -> APIC 0x32 -> Node 0
[    0.000000] SRAT: PXM 0 -> APIC 0x34 -> Node 0
[    0.000000] SRAT: PXM 0 -> APIC 0x36 -> Node 0
[    0.000000] SRAT: PXM 0 -> APIC 0x38 -> Node 0
[    0.000000] SRAT: PXM 0 -> APIC 0x3a -> Node 0
[    0.000000] SRAT: PXM 0 -> APIC 0x3c -> Node 0
[    0.000000] SRAT: PXM 0 -> APIC 0x3e -> Node 0
[    0.000000] SRAT: PXM 0 -> APIC 0x40 -> Node 0
[    0.000000] SRAT: PXM 0 -> APIC 0x42 -> Node 0
[    0.000000] SRAT: PXM 0 -> APIC 0x44 -> Node 0
[    0.000000] SRAT: PXM 0 -> APIC 0x46 -> Node 0
[    0.000000] SRAT: PXM 0 -> APIC 0x48 -> Node 0
[    0.000000] SRAT: PXM 0 -> APIC 0x4a -> Node 0
[    0.000000] SRAT: PXM 0 -> APIC 0x4c -> Node 0
[    0.000000] SRAT: PXM 0 -> APIC 0x4e -> Node 0
[    0.000000] SRAT: PXM 0 -> APIC 0x50 -> Node 0
[    0.000000] SRAT: PXM 0 -> APIC 0x52 -> Node 0
[    0.000000] SRAT: PXM 0 -> APIC 0x54 -> Node 0
[    0.000000] SRAT: PXM 0 -> APIC 0x56 -> Node 0
[    0.000000] SRAT: PXM 0 -> APIC 0x58 -> Node 0
[    0.000000] SRAT: PXM 0 -> APIC 0x5a -> Node 0
[    0.000000] SRAT: PXM 0 -> APIC 0x5c -> Node 0
[    0.000000] SRAT: PXM 0 -> APIC 0x5e -> Node 0
[    0.000000] SRAT: PXM 0 -> APIC 0x60 -> Node 0
[    0.000000] SRAT: PXM 0 -> APIC 0x62 -> Node 0
[    0.000000] SRAT: PXM 0 -> APIC 0x64 -> Node 0
[    0.000000] SRAT: PXM 0 -> APIC 0x66 -> Node 0
[    0.000000] SRAT: PXM 0 -> APIC 0x68 -> Node 0
[    0.000000] SRAT: PXM 0 -> APIC 0x6a -> Node 0
[    0.000000] SRAT: PXM 0 -> APIC 0x6c -> Node 0
[    0.000000] SRAT: PXM 0 -> APIC 0x6e -> Node 0
[    0.000000] SRAT: PXM 0 -> APIC 0x70 -> Node 0
[    0.000000] SRAT: PXM 0 -> APIC 0x72 -> Node 0
[    0.000000] SRAT: PXM 0 -> APIC 0x74 -> Node 0
[    0.000000] SRAT: PXM 0 -> APIC 0x76 -> Node 0
[    0.000000] SRAT: PXM 0 -> APIC 0x78 -> Node 0
[    0.000000] SRAT: PXM 0 -> APIC 0x7a -> Node 0
[    0.000000] SRAT: PXM 0 -> APIC 0x7c -> Node 0
[    0.000000] SRAT: PXM 0 -> APIC 0x7e -> Node 0
[    0.000000] SRAT: PXM 0 -> APIC 0x80 -> Node 0
[    0.000000] SRAT: PXM 0 -> APIC 0x82 -> Node 0
[    0.000000] SRAT: PXM 0 -> APIC 0x84 -> Node 0
[    0.000000] SRAT: PXM 0 -> APIC 0x86 -> Node 0
[    0.000000] SRAT: PXM 0 -> APIC 0x88 -> Node 0
[    0.000000] SRAT: PXM 0 -> APIC 0x8a -> Node 0
[    0.000000] SRAT: PXM 0 -> APIC 0x8c -> Node 0
[    0.000000] SRAT: PXM 0 -> APIC 0x8e -> Node 0
[    0.000000] SRAT: PXM 0 -> APIC 0x90 -> Node 0
[    0.000000] SRAT: PXM 0 -> APIC 0x92 -> Node 0
[    0.000000] SRAT: PXM 0 -> APIC 0x94 -> Node 0
[    0.000000] SRAT: PXM 0 -> APIC 0x96 -> Node 0
[    0.000000] SRAT: PXM 0 -> APIC 0x98 -> Node 0
[    0.000000] SRAT: PXM 0 -> APIC 0x9a -> Node 0
[    0.000000] SRAT: PXM 0 -> APIC 0x9c -> Node 0
[    0.000000] SRAT: PXM 0 -> APIC 0x9e -> Node 0
[    0.000000] SRAT: PXM 0 -> APIC 0xa0 -> Node 0
[    0.000000] SRAT: PXM 0 -> APIC 0xa2 -> Node 0
[    0.000000] SRAT: PXM 0 -> APIC 0xa4 -> Node 0
[    0.000000] SRAT: PXM 0 -> APIC 0xa6 -> Node 0
[    0.000000] SRAT: PXM 0 -> APIC 0xa8 -> Node 0
[    0.000000] SRAT: PXM 0 -> APIC 0xaa -> Node 0
[    0.000000] SRAT: PXM 0 -> APIC 0xac -> Node 0
[    0.000000] SRAT: PXM 0 -> APIC 0xae -> Node 0
[    0.000000] SRAT: PXM 0 -> APIC 0xb0 -> Node 0
[    0.000000] SRAT: PXM 0 -> APIC 0xb2 -> Node 0
[    0.000000] SRAT: PXM 0 -> APIC 0xb4 -> Node 0
[    0.000000] SRAT: PXM 0 -> APIC 0xb6 -> Node 0
[    0.000000] SRAT: PXM 0 -> APIC 0xb8 -> Node 0
[    0.000000] SRAT: PXM 0 -> APIC 0xba -> Node 0
[    0.000000] SRAT: PXM 0 -> APIC 0xbc -> Node 0
[    0.000000] SRAT: PXM 0 -> APIC 0xbe -> Node 0
[    0.000000] SRAT: PXM 0 -> APIC 0xc0 -> Node 0
[    0.000000] SRAT: PXM 0 -> APIC 0xc2 -> Node 0
[    0.000000] SRAT: PXM 0 -> APIC 0xc4 -> Node 0
[    0.000000] SRAT: PXM 0 -> APIC 0xc6 -> Node 0
[    0.000000] SRAT: PXM 0 -> APIC 0xc8 -> Node 0
[    0.000000] SRAT: PXM 0 -> APIC 0xca -> Node 0
[    0.000000] SRAT: PXM 0 -> APIC 0xcc -> Node 0
[    0.000000] SRAT: PXM 0 -> APIC 0xce -> Node 0
[    0.000000] SRAT: PXM 0 -> APIC 0xd0 -> Node 0
[    0.000000] SRAT: PXM 0 -> APIC 0xd2 -> Node 0
[    0.000000] SRAT: PXM 0 -> APIC 0xd4 -> Node 0
[    0.000000] SRAT: PXM 0 -> APIC 0xd6 -> Node 0
[    0.000000] SRAT: PXM 0 -> APIC 0xd8 -> Node 0
[    0.000000] SRAT: PXM 0 -> APIC 0xda -> Node 0
[    0.000000] SRAT: PXM 0 -> APIC 0xdc -> Node 0
[    0.000000] SRAT: PXM 0 -> APIC 0xde -> Node 0
[    0.000000] SRAT: PXM 0 -> APIC 0xe0 -> Node 0
[    0.000000] SRAT: PXM 0 -> APIC 0xe2 -> Node 0
[    0.000000] SRAT: PXM 0 -> APIC 0xe4 -> Node 0
[    0.000000] SRAT: PXM 0 -> APIC 0xe6 -> Node 0
[    0.000000] SRAT: PXM 0 -> APIC 0xe8 -> Node 0
[    0.000000] SRAT: PXM 0 -> APIC 0xea -> Node 0
[    0.000000] SRAT: PXM 0 -> APIC 0xec -> Node 0
[    0.000000] SRAT: PXM 0 -> APIC 0xee -> Node 0
[    0.000000] SRAT: PXM 0 -> APIC 0xf0 -> Node 0
[    0.000000] SRAT: PXM 0 -> APIC 0xf2 -> Node 0
[    0.000000] SRAT: PXM 0 -> APIC 0xf4 -> Node 0
[    0.000000] SRAT: PXM 0 -> APIC 0xf6 -> Node 0
[    0.000000] SRAT: PXM 0 -> APIC 0xf8 -> Node 0
[    0.000000] SRAT: PXM 0 -> APIC 0xfa -> Node 0
[    0.000000] SRAT: PXM 0 -> APIC 0xfc -> Node 0
[    0.000000] SRAT: PXM 0 -> APIC 0xfe -> Node 0
[    0.000000] ACPI: SRAT: Node 0 PXM 0 [mem 0x00000000-0x0009ffff]
[    0.000000] ACPI: SRAT: Node 0 PXM 0 [mem 0x00100000-0xbfffffff]
[    0.000000] ACPI: SRAT: Node 0 PXM 0 [mem 0x100000000-0x13fffffff]
[    0.000000] ACPI: SRAT: Node 0 PXM 0 [mem 0x140000000-0x103fffffff] hotplug
[    0.000000] NUMA: Node 0 [mem 0x00000000-0x0009ffff] + [mem 0x00100000-0xbfffffff] -> [mem 0x00000000-0xbfffffff]
[    0.000000] NUMA: Node 0 [mem 0x00000000-0xbfffffff] + [mem 0x100000000-0x13fffffff] -> [mem 0x00000000-0x13fffffff]
[    0.000000] NODE_DATA(0) allocated [mem 0x13ffd3000-0x13fffdfff]
[    0.000000] Zone ranges:
[    0.000000]   DMA      [mem 0x0000000000001000-0x0000000000ffffff]
[    0.000000]   DMA32    [mem 0x0000000001000000-0x00000000ffffffff]
[    0.000000]   Normal   [mem 0x0000000100000000-0x000000013fffffff]
[    0.000000]   Device   empty
[    0.000000] Movable zone start for each node
[    0.000000] Early memory node ranges
[    0.000000]   node   0: [mem 0x0000000000001000-0x000000000009dfff]
[    0.000000]   node   0: [mem 0x0000000000100000-0x00000000bfecffff]
[    0.000000]   node   0: [mem 0x00000000bff00000-0x00000000bfffffff]
[    0.000000]   node   0: [mem 0x0000000100000000-0x000000013fffffff]
[    0.000000] Reserved but unavailable: 99 pages
[    0.000000] Initmem setup node 0 [mem 0x0000000000001000-0x000000013fffffff]
[    0.000000] On node 0 totalpages: 1048429
[    0.000000]   DMA zone: 64 pages used for memmap
[    0.000000]   DMA zone: 21 pages reserved
[    0.000000]   DMA zone: 3997 pages, LIFO batch:0
[    0.000000]   DMA32 zone: 12224 pages used for memmap
[    0.000000]   DMA32 zone: 782288 pages, LIFO batch:31
[    0.000000]   Normal zone: 4096 pages used for memmap
[    0.000000]   Normal zone: 262144 pages, LIFO batch:31
[    0.000000] ACPI: PM-Timer IO Port: 0x1008
[    0.000000] ACPI: Local APIC address 0xfee00000
[    0.000000] system APIC only can use physical flat
[    0.000000] ACPI: LAPIC_NMI (acpi_id[0x00] high edge lint[0x1])
[    0.000000] ACPI: LAPIC_NMI (acpi_id[0x01] high edge lint[0x1])
[    0.000000] ACPI: LAPIC_NMI (acpi_id[0x02] high edge lint[0x1])
[    0.000000] ACPI: LAPIC_NMI (acpi_id[0x03] high edge lint[0x1])
[    0.000000] ACPI: LAPIC_NMI (acpi_id[0x04] high edge lint[0x1])
[    0.000000] ACPI: LAPIC_NMI (acpi_id[0x05] high edge lint[0x1])
[    0.000000] ACPI: LAPIC_NMI (acpi_id[0x06] high edge lint[0x1])
[    0.000000] ACPI: LAPIC_NMI (acpi_id[0x07] high edge lint[0x1])
[    0.000000] ACPI: LAPIC_NMI (acpi_id[0x08] high edge lint[0x1])
[    0.000000] ACPI: LAPIC_NMI (acpi_id[0x09] high edge lint[0x1])
[    0.000000] ACPI: LAPIC_NMI (acpi_id[0x0a] high edge lint[0x1])
[    0.000000] ACPI: LAPIC_NMI (acpi_id[0x0b] high edge lint[0x1])
[    0.000000] ACPI: LAPIC_NMI (acpi_id[0x0c] high edge lint[0x1])
[    0.000000] ACPI: LAPIC_NMI (acpi_id[0x0d] high edge lint[0x1])
[    0.000000] ACPI: LAPIC_NMI (acpi_id[0x0e] high edge lint[0x1])
[    0.000000] ACPI: LAPIC_NMI (acpi_id[0x0f] high edge lint[0x1])
[    0.000000] ACPI: LAPIC_NMI (acpi_id[0x10] high edge lint[0x1])
[    0.000000] ACPI: LAPIC_NMI (acpi_id[0x11] high edge lint[0x1])
[    0.000000] ACPI: LAPIC_NMI (acpi_id[0x12] high edge lint[0x1])
[    0.000000] ACPI: LAPIC_NMI (acpi_id[0x13] high edge lint[0x1])
[    0.000000] ACPI: LAPIC_NMI (acpi_id[0x14] high edge lint[0x1])
[    0.000000] ACPI: LAPIC_NMI (acpi_id[0x15] high edge lint[0x1])
[    0.000000] ACPI: LAPIC_NMI (acpi_id[0x16] high edge lint[0x1])
[    0.000000] ACPI: LAPIC_NMI (acpi_id[0x17] high edge lint[0x1])
[    0.000000] ACPI: LAPIC_NMI (acpi_id[0x18] high edge lint[0x1])
[    0.000000] ACPI: LAPIC_NMI (acpi_id[0x19] high edge lint[0x1])
[    0.000000] ACPI: LAPIC_NMI (acpi_id[0x1a] high edge lint[0x1])
[    0.000000] ACPI: LAPIC_NMI (acpi_id[0x1b] high edge lint[0x1])
[    0.000000] ACPI: LAPIC_NMI (acpi_id[0x1c] high edge lint[0x1])
[    0.000000] ACPI: LAPIC_NMI (acpi_id[0x1d] high edge lint[0x1])
[    0.000000] ACPI: LAPIC_NMI (acpi_id[0x1e] high edge lint[0x1])
[    0.000000] ACPI: LAPIC_NMI (acpi_id[0x1f] high edge lint[0x1])
[    0.000000] ACPI: LAPIC_NMI (acpi_id[0x20] high edge lint[0x1])
[    0.000000] ACPI: LAPIC_NMI (acpi_id[0x21] high edge lint[0x1])
[    0.000000] ACPI: LAPIC_NMI (acpi_id[0x22] high edge lint[0x1])
[    0.000000] ACPI: LAPIC_NMI (acpi_id[0x23] high edge lint[0x1])
[    0.000000] ACPI: LAPIC_NMI (acpi_id[0x24] high edge lint[0x1])
[    0.000000] ACPI: LAPIC_NMI (acpi_id[0x25] high edge lint[0x1])
[    0.000000] ACPI: LAPIC_NMI (acpi_id[0x26] high edge lint[0x1])
[    0.000000] ACPI: LAPIC_NMI (acpi_id[0x27] high edge lint[0x1])
[    0.000000] ACPI: LAPIC_NMI (acpi_id[0x28] high edge lint[0x1])
[    0.000000] ACPI: LAPIC_NMI (acpi_id[0x29] high edge lint[0x1])
[    0.000000] ACPI: LAPIC_NMI (acpi_id[0x2a] high edge lint[0x1])
[    0.000000] ACPI: LAPIC_NMI (acpi_id[0x2b] high edge lint[0x1])
[    0.000000] ACPI: LAPIC_NMI (acpi_id[0x2c] high edge lint[0x1])
[    0.000000] ACPI: LAPIC_NMI (acpi_id[0x2d] high edge lint[0x1])
[    0.000000] ACPI: LAPIC_NMI (acpi_id[0x2e] high edge lint[0x1])
[    0.000000] ACPI: LAPIC_NMI (acpi_id[0x2f] high edge lint[0x1])
[    0.000000] ACPI: LAPIC_NMI (acpi_id[0x30] high edge lint[0x1])
[    0.000000] ACPI: LAPIC_NMI (acpi_id[0x31] high edge lint[0x1])
[    0.000000] ACPI: LAPIC_NMI (acpi_id[0x32] high edge lint[0x1])
[    0.000000] ACPI: LAPIC_NMI (acpi_id[0x33] high edge lint[0x1])
[    0.000000] ACPI: LAPIC_NMI (acpi_id[0x34] high edge lint[0x1])
[    0.000000] ACPI: LAPIC_NMI (acpi_id[0x35] high edge lint[0x1])
[    0.000000] ACPI: LAPIC_NMI (acpi_id[0x36] high edge lint[0x1])
[    0.000000] ACPI: LAPIC_NMI (acpi_id[0x37] high edge lint[0x1])
[    0.000000] ACPI: LAPIC_NMI (acpi_id[0x38] high edge lint[0x1])
[    0.000000] ACPI: LAPIC_NMI (acpi_id[0x39] high edge lint[0x1])
[    0.000000] ACPI: LAPIC_NMI (acpi_id[0x3a] high edge lint[0x1])
[    0.000000] ACPI: LAPIC_NMI (acpi_id[0x3b] high edge lint[0x1])
[    0.000000] ACPI: LAPIC_NMI (acpi_id[0x3c] high edge lint[0x1])
[    0.000000] ACPI: LAPIC_NMI (acpi_id[0x3d] high edge lint[0x1])
[    0.000000] ACPI: LAPIC_NMI (acpi_id[0x3e] high edge lint[0x1])
[    0.000000] ACPI: LAPIC_NMI (acpi_id[0x3f] high edge lint[0x1])
[    0.000000] ACPI: LAPIC_NMI (acpi_id[0x40] high edge lint[0x1])
[    0.000000] ACPI: LAPIC_NMI (acpi_id[0x41] high edge lint[0x1])
[    0.000000] ACPI: LAPIC_NMI (acpi_id[0x42] high edge lint[0x1])
[    0.000000] ACPI: LAPIC_NMI (acpi_id[0x43] high edge lint[0x1])
[    0.000000] ACPI: LAPIC_NMI (acpi_id[0x44] high edge lint[0x1])
[    0.000000] ACPI: LAPIC_NMI (acpi_id[0x45] high edge lint[0x1])
[    0.000000] ACPI: LAPIC_NMI (acpi_id[0x46] high edge lint[0x1])
[    0.000000] ACPI: LAPIC_NMI (acpi_id[0x47] high edge lint[0x1])
[    0.000000] ACPI: LAPIC_NMI (acpi_id[0x48] high edge lint[0x1])
[    0.000000] ACPI: LAPIC_NMI (acpi_id[0x49] high edge lint[0x1])
[    0.000000] ACPI: LAPIC_NMI (acpi_id[0x4a] high edge lint[0x1])
[    0.000000] ACPI: LAPIC_NMI (acpi_id[0x4b] high edge lint[0x1])
[    0.000000] ACPI: LAPIC_NMI (acpi_id[0x4c] high edge lint[0x1])
[    0.000000] ACPI: LAPIC_NMI (acpi_id[0x4d] high edge lint[0x1])
[    0.000000] ACPI: LAPIC_NMI (acpi_id[0x4e] high edge lint[0x1])
[    0.000000] ACPI: LAPIC_NMI (acpi_id[0x4f] high edge lint[0x1])
[    0.000000] ACPI: LAPIC_NMI (acpi_id[0x50] high edge lint[0x1])
[    0.000000] ACPI: LAPIC_NMI (acpi_id[0x51] high edge lint[0x1])
[    0.000000] ACPI: LAPIC_NMI (acpi_id[0x52] high edge lint[0x1])
[    0.000000] ACPI: LAPIC_NMI (acpi_id[0x53] high edge lint[0x1])
[    0.000000] ACPI: LAPIC_NMI (acpi_id[0x54] high edge lint[0x1])
[    0.000000] ACPI: LAPIC_NMI (acpi_id[0x55] high edge lint[0x1])
[    0.000000] ACPI: LAPIC_NMI (acpi_id[0x56] high edge lint[0x1])
[    0.000000] ACPI: LAPIC_NMI (acpi_id[0x57] high edge lint[0x1])
[    0.000000] ACPI: LAPIC_NMI (acpi_id[0x58] high edge lint[0x1])
[    0.000000] ACPI: LAPIC_NMI (acpi_id[0x59] high edge lint[0x1])
[    0.000000] ACPI: LAPIC_NMI (acpi_id[0x5a] high edge lint[0x1])
[    0.000000] ACPI: LAPIC_NMI (acpi_id[0x5b] high edge lint[0x1])
[    0.000000] ACPI: LAPIC_NMI (acpi_id[0x5c] high edge lint[0x1])
[    0.000000] ACPI: LAPIC_NMI (acpi_id[0x5d] high edge lint[0x1])
[    0.000000] ACPI: LAPIC_NMI (acpi_id[0x5e] high edge lint[0x1])
[    0.000000] ACPI: LAPIC_NMI (acpi_id[0x5f] high edge lint[0x1])
[    0.000000] ACPI: LAPIC_NMI (acpi_id[0x60] high edge lint[0x1])
[    0.000000] ACPI: LAPIC_NMI (acpi_id[0x61] high edge lint[0x1])
[    0.000000] ACPI: LAPIC_NMI (acpi_id[0x62] high edge lint[0x1])
[    0.000000] ACPI: LAPIC_NMI (acpi_id[0x63] high edge lint[0x1])
[    0.000000] ACPI: LAPIC_NMI (acpi_id[0x64] high edge lint[0x1])
[    0.000000] ACPI: LAPIC_NMI (acpi_id[0x65] high edge lint[0x1])
[    0.000000] ACPI: LAPIC_NMI (acpi_id[0x66] high edge lint[0x1])
[    0.000000] ACPI: LAPIC_NMI (acpi_id[0x67] high edge lint[0x1])
[    0.000000] ACPI: LAPIC_NMI (acpi_id[0x68] high edge lint[0x1])
[    0.000000] ACPI: LAPIC_NMI (acpi_id[0x69] high edge lint[0x1])
[    0.000000] ACPI: LAPIC_NMI (acpi_id[0x6a] high edge lint[0x1])
[    0.000000] ACPI: LAPIC_NMI (acpi_id[0x6b] high edge lint[0x1])
[    0.000000] ACPI: LAPIC_NMI (acpi_id[0x6c] high edge lint[0x1])
[    0.000000] ACPI: LAPIC_NMI (acpi_id[0x6d] high edge lint[0x1])
[    0.000000] ACPI: LAPIC_NMI (acpi_id[0x6e] high edge lint[0x1])
[    0.000000] ACPI: LAPIC_NMI (acpi_id[0x6f] high edge lint[0x1])
[    0.000000] ACPI: LAPIC_NMI (acpi_id[0x70] high edge lint[0x1])
[    0.000000] ACPI: LAPIC_NMI (acpi_id[0x71] high edge lint[0x1])
[    0.000000] ACPI: LAPIC_NMI (acpi_id[0x72] high edge lint[0x1])
[    0.000000] ACPI: LAPIC_NMI (acpi_id[0x73] high edge lint[0x1])
[    0.000000] ACPI: LAPIC_NMI (acpi_id[0x74] high edge lint[0x1])
[    0.000000] ACPI: LAPIC_NMI (acpi_id[0x75] high edge lint[0x1])
[    0.000000] ACPI: LAPIC_NMI (acpi_id[0x76] high edge lint[0x1])
[    0.000000] ACPI: LAPIC_NMI (acpi_id[0x77] high edge lint[0x1])
[    0.000000] ACPI: LAPIC_NMI (acpi_id[0x78] high edge lint[0x1])
[    0.000000] ACPI: LAPIC_NMI (acpi_id[0x79] high edge lint[0x1])
[    0.000000] ACPI: LAPIC_NMI (acpi_id[0x7a] high edge lint[0x1])
[    0.000000] ACPI: LAPIC_NMI (acpi_id[0x7b] high edge lint[0x1])
[    0.000000] ACPI: LAPIC_NMI (acpi_id[0x7c] high edge lint[0x1])
[    0.000000] ACPI: LAPIC_NMI (acpi_id[0x7d] high edge lint[0x1])
[    0.000000] ACPI: LAPIC_NMI (acpi_id[0x7e] high edge lint[0x1])
[    0.000000] ACPI: LAPIC_NMI (acpi_id[0x7f] high edge lint[0x1])
[    0.000000] IOAPIC[0]: apic_id 1, version 32, address 0xfec00000, GSI 0-23
[    0.000000] ACPI: INT_SRC_OVR (bus 0 bus_irq 0 global_irq 2 high edge)
[    0.000000] ACPI: IRQ0 used by override.
[    0.000000] ACPI: IRQ9 used by override.
[    0.000000] Using ACPI (MADT) for SMP configuration information
[    0.000000] ACPI: HPET id: 0x8086af01 base: 0xfed00000
[    0.000000] TSC deadline timer available
[    0.000000] smpboot: Allowing 128 CPUs, 126 hotplug CPUs
[    0.000000] PM: Registered nosave memory: [mem 0x00000000-0x00000fff]
[    0.000000] PM: Registered nosave memory: [mem 0x0009e000-0x0009efff]
[    0.000000] PM: Registered nosave memory: [mem 0x0009f000-0x0009ffff]
[    0.000000] PM: Registered nosave memory: [mem 0x000a0000-0x000dbfff]
[    0.000000] PM: Registered nosave memory: [mem 0x000dc000-0x000fffff]
[    0.000000] PM: Registered nosave memory: [mem 0xbfed0000-0xbfefefff]
[    0.000000] PM: Registered nosave memory: [mem 0xbfeff000-0xbfefffff]
[    0.000000] PM: Registered nosave memory: [mem 0xc0000000-0xefffffff]
[    0.000000] PM: Registered nosave memory: [mem 0xf0000000-0xf7ffffff]
[    0.000000] PM: Registered nosave memory: [mem 0xf8000000-0xfebfffff]
[    0.000000] PM: Registered nosave memory: [mem 0xfec00000-0xfec0ffff]
[    0.000000] PM: Registered nosave memory: [mem 0xfec10000-0xfedfffff]
[    0.000000] PM: Registered nosave memory: [mem 0xfee00000-0xfee00fff]
[    0.000000] PM: Registered nosave memory: [mem 0xfee01000-0xfffdffff]
[    0.000000] PM: Registered nosave memory: [mem 0xfffe0000-0xffffffff]
[    0.000000] e820: [mem 0xc0000000-0xefffffff] available for PCI devices
[    0.000000] Booting paravirtualized kernel on VMware hypervisor
[    0.000000] clocksource: refined-jiffies: mask: 0xffffffff max_cycles: 0xffffffff, max_idle_ns: 7645519600211568 ns
[    0.000000] random: get_random_bytes called from start_kernel+0x99/0x500 with crng_init=0
[    0.000000] setup_percpu: NR_CPUS:8192 nr_cpumask_bits:128 nr_cpu_ids:128 nr_node_ids:1
[    0.000000] percpu: Embedded 45 pages/cpu s147456 r8192 d28672 u262144
[    0.000000] pcpu-alloc: s147456 r8192 d28672 u262144 alloc=1*2097152
[    0.000000] pcpu-alloc: [0] 000 001 002 003 004 005 006 007 
[    0.000000] pcpu-alloc: [0] 008 009 010 011 012 013 014 015 
[    0.000000] pcpu-alloc: [0] 016 017 018 019 020 021 022 023 
[    0.000000] pcpu-alloc: [0] 024 025 026 027 028 029 030 031 
[    0.000000] pcpu-alloc: [0] 032 033 034 035 036 037 038 039 
[    0.000000] pcpu-alloc: [0] 040 041 042 043 044 045 046 047 
[    0.000000] pcpu-alloc: [0] 048 049 050 051 052 053 054 055 
[    0.000000] pcpu-alloc: [0] 056 057 058 059 060 061 062 063 
[    0.000000] pcpu-alloc: [0] 064 065 066 067 068 069 070 071 
[    0.000000] pcpu-alloc: [0] 072 073 074 075 076 077 078 079 
[    0.000000] pcpu-alloc: [0] 080 081 082 083 084 085 086 087 
[    0.000000] pcpu-alloc: [0] 088 089 090 091 092 093 094 095 
[    0.000000] pcpu-alloc: [0] 096 097 098 099 100 101 102 103 
[    0.000000] pcpu-alloc: [0] 104 105 106 107 108 109 110 111 
[    0.000000] pcpu-alloc: [0] 112 113 114 115 116 117 118 119 
[    0.000000] pcpu-alloc: [0] 120 121 122 123 124 125 126 127 
[    0.000000] Built 1 zonelists, mobility grouping on.  Total pages: 1032024
[    0.000000] Policy zone: Normal
[    0.000000] Kernel command line: BOOT_IMAGE=/boot/vmlinuz-4.15.0-136-generic root=UUID=f91e82b3-baa6-49da-b3be-a15e4118832b ro find_preseed=/preseed.cfg auto noprompt priority=critical locale=en_US quiet
[    0.000000] log_buf_len individual max cpu contribution: 4096 bytes
[    0.000000] log_buf_len total cpu_extra contributions: 520192 bytes
[    0.000000] log_buf_len min size: 262144 bytes
[    0.000000] log_buf_len: 1048576 bytes
[    0.000000] early log buf free: 235764(89%)
[    0.000000] Calgary: detecting Calgary via BIOS EBDA area
[    0.000000] Calgary: Unable to locate Rio Grande table in EBDA - bailing!
[    0.000000] Memory: 3953152K/4193716K available (12300K kernel code, 2482K rwdata, 4276K rodata, 2440K init, 2724K bss, 240564K reserved, 0K cma-reserved)
[    0.000000] SLUB: HWalign=64, Order=0-3, MinObjects=0, CPUs=128, Nodes=1
[    0.000000] Kernel/User page tables isolation: enabled
[    0.000000] ftrace: allocating 39427 entries in 155 pages
[    0.004000] Hierarchical RCU implementation.
[    0.004000] 	RCU restricting CPUs from NR_CPUS=8192 to nr_cpu_ids=128.
[    0.004000] 	Tasks RCU enabled.
[    0.004000] RCU: Adjusting geometry for rcu_fanout_leaf=16, nr_cpu_ids=128
[    0.004000] NR_IRQS: 524544, nr_irqs: 1448, preallocated irqs: 16
[    0.004000] Console: colour VGA+ 80x25
[    0.004000] console [tty0] enabled
[    0.004000] ACPI: Core revision 20170831
[    0.004000] ACPI: 1 ACPI AML tables successfully acquired and loaded
[    0.004000] clocksource: hpet: mask: 0xffffffff max_cycles: 0xffffffff, max_idle_ns: 133484882848 ns
[    0.004000] hpet clockevent registered
[    0.004005] APIC: Switch to symmetric I/O mode setup
[    0.004259] x2apic enabled
[    0.004462] Switched APIC routing to physical x2apic.
[    0.005456] ..TIMER: vector=0x30 apic1=0 pin1=2 apic2=-1 pin2=-1
[    0.005476] tsc: Detected 2808.002 MHz processor
[    0.005477] Calibrating delay loop (skipped) preset value.. 5616.00 BogoMIPS (lpj=11232008)
[    0.005477] pid_max: default: 131072 minimum: 1024
[    0.005477] Security Framework initialized
[    0.005477] Yama: becoming mindful.
[    0.010295] AppArmor: AppArmor initialized
[    0.029943] Dentry cache hash table entries: 524288 (order: 10, 4194304 bytes)
[    0.039399] Inode-cache hash table entries: 262144 (order: 9, 2097152 bytes)
[    0.039674] Mount-cache hash table entries: 8192 (order: 4, 65536 bytes)
[    0.039921] Mountpoint-cache hash table entries: 8192 (order: 4, 65536 bytes)
[    0.040665] Disabled fast string operations
[    0.040736] Last level iTLB entries: 4KB 64, 2MB 8, 4MB 8
[    0.040736] Last level dTLB entries: 4KB 64, 2MB 0, 4MB 0, 1GB 4
[    0.040738] Spectre V1 : Mitigation: usercopy/swapgs barriers and __user pointer sanitization
[    0.040739] Spectre V2 : Mitigation: Full generic retpoline
[    0.040740] Spectre V2 : Spectre v2 / SpectreRSB mitigation: Filling RSB on context switch
[    0.040740] Spectre V2 : Enabling Restricted Speculation for firmware calls
[    0.040749] Spectre V2 : mitigation: Enabling conditional Indirect Branch Prediction Barrier
[    0.040750] Speculative Store Bypass: Mitigation: Speculative Store Bypass disabled via prctl and seccomp
[    0.040785] SRBDS: Unknown: Dependent on hypervisor status
[    0.040785] MDS: Mitigation: Clear CPU buffers
[    0.041083] Freeing SMP alternatives memory: 36K
[    0.044914] smpboot: CPU0: Intel(R) Core(TM) i7-7700HQ CPU @ 2.80GHz (family: 0x6, model: 0x9e, stepping: 0x9)
[    0.045416] Performance Events: Skylake events, core PMU driver.
[    0.045428] core: CPUID marked event: 'cpu cycles' unavailable
[    0.045428] core: CPUID marked event: 'instructions' unavailable
[    0.045428] core: CPUID marked event: 'bus cycles' unavailable
[    0.045429] core: CPUID marked event: 'cache references' unavailable
[    0.045429] core: CPUID marked event: 'cache misses' unavailable
[    0.045429] core: CPUID marked event: 'branch instructions' unavailable
[    0.045430] core: CPUID marked event: 'branch misses' unavailable
[    0.045432] ... version:                1
[    0.045432] ... bit width:              48
[    0.045432] ... generic registers:      4
[    0.045433] ... value mask:             0000ffffffffffff
[    0.045433] ... max period:             000000007fffffff
[    0.045434] ... fixed-purpose events:   0
[    0.045434] ... event mask:             000000000000000f
[    0.045551] Hierarchical SRCU implementation.
[    0.046584] NMI watchdog: Perf event create on CPU 0 failed with -2
[    0.046585] NMI watchdog: Perf NMI watchdog permanently disabled
[    0.062904] smp: Bringing up secondary CPUs ...
[    0.063901] x86: Booting SMP configuration:
[    0.063902] .... node  #0, CPUs:          #1
[    0.004000] Disabled fast string operations
[    0.004000] smpboot: CPU 1 Converting physical 2 to logical package 1
[    0.064737] smp: Brought up 1 node, 2 CPUs
[    0.064737] smpboot: Max logical packages: 128
[    0.064737] smpboot: Total of 2 processors activated (11232.00 BogoMIPS)
[    0.065518] devtmpfs: initialized
[    0.065518] x86/mm: Memory block size: 128MB
[    0.068628] evm: security.selinux
[    0.068629] evm: security.SMACK64
[    0.068629] evm: security.SMACK64EXEC
[    0.068629] evm: security.SMACK64TRANSMUTE
[    0.068629] evm: security.SMACK64MMAP
[    0.068630] evm: security.apparmor
[    0.068630] evm: security.ima
[    0.068630] evm: security.capability
[    0.068799] PM: Registering ACPI NVS region [mem 0xbfeff000-0xbfefffff] (4096 bytes)
[    0.068799] clocksource: jiffies: mask: 0xffffffff max_cycles: 0xffffffff, max_idle_ns: 7645041785100000 ns
[    0.068799] futex hash table entries: 32768 (order: 9, 2097152 bytes)
[    0.078526] pinctrl core: initialized pinctrl subsystem
[    0.078718] RTC time: 22:13:46, date: 03/14/21
[    0.080340] NET: Registered protocol family 16
[    0.080469] audit: initializing netlink subsys (disabled)
[    0.080605] audit: type=2000 audit(1615760026.080:1): state=initialized audit_enabled=0 res=1
[    0.080605] cpuidle: using governor ladder
[    0.080605] cpuidle: using governor menu
[    0.080605] Simple Boot Flag at 0x36 set to 0x80
[    0.080605] ACPI: bus type PCI registered
[    0.080605] acpiphp: ACPI Hot Plug PCI Controller Driver version: 0.5
[    0.080605] PCI: MMCONFIG for domain 0000 [bus 00-7f] at [mem 0xf0000000-0xf7ffffff] (base 0xf0000000)
[    0.080605] PCI: MMCONFIG at [mem 0xf0000000-0xf7ffffff] reserved in E820
[    0.080605] PCI: Using configuration type 1 for base access
[    0.084234] HugeTLB registered 1.00 GiB page size, pre-allocated 0 pages
[    0.084234] HugeTLB registered 2.00 MiB page size, pre-allocated 0 pages
[    0.084473] ACPI: Added _OSI(Module Device)
[    0.084473] ACPI: Added _OSI(Processor Device)
[    0.084473] ACPI: Added _OSI(3.0 _SCP Extensions)
[    0.084473] ACPI: Added _OSI(Processor Aggregator Device)
[    0.084473] ACPI: Added _OSI(Linux-Dell-Video)
[    0.084473] ACPI: Added _OSI(Linux-Lenovo-NV-HDMI-Audio)
[    0.084473] ACPI: Added _OSI(Linux-HPI-Hybrid-Graphics)
[    0.093305] ACPI: [Firmware Bug]: BIOS _OSI(Linux) query ignored
[    0.120243] ACPI: Interpreter enabled
[    0.120255] ACPI: (supports S0 S1 S4 S5)
[    0.120257] ACPI: Using IOAPIC for interrupt routing
[    0.120282] PCI: Using host bridge windows from ACPI; if necessary, use "pci=nocrs" and report a bug
[    0.121991] ACPI: Enabled 4 GPEs in block 00 to 0F
[    0.390157] ACPI: PCI Root Bridge [PCI0] (domain 0000 [bus 00-7f])
[    0.390163] acpi PNP0A03:00: _OSC: OS supports [ExtendedConfig ASPM ClockPM Segments MSI]
[    0.390437] acpi PNP0A03:00: _OSC: platform does not support [AER]
[    0.390679] acpi PNP0A03:00: _OSC: OS now controls [PCIeHotplug PME PCIeCapability]
[    0.392713] PCI host bridge to bus 0000:00
[    0.392715] pci_bus 0000:00: root bus resource [mem 0x000a0000-0x000bffff window]
[    0.392715] pci_bus 0000:00: root bus resource [mem 0x000d0000-0x000d3fff window]
[    0.392716] pci_bus 0000:00: root bus resource [mem 0x000d4000-0x000d7fff window]
[    0.392717] pci_bus 0000:00: root bus resource [mem 0x000d8000-0x000dbfff window]
[    0.392717] pci_bus 0000:00: root bus resource [mem 0xc0000000-0xfebfffff window]
[    0.392718] pci_bus 0000:00: root bus resource [io  0x0000-0x0cf7 window]
[    0.392719] pci_bus 0000:00: root bus resource [io  0x0d00-0xfeff window]
[    0.392720] pci_bus 0000:00: root bus resource [bus 00-7f]
[    0.392769] pci 0000:00:00.0: [8086:7190] type 00 class 0x060000
[    0.393593] pci 0000:00:01.0: [8086:7191] type 01 class 0x060400
[    0.394151] pci 0000:00:07.0: [8086:7110] type 00 class 0x060100
[    0.395021] pci 0000:00:07.1: [8086:7111] type 00 class 0x01018a
[    0.396407] pci 0000:00:07.1: reg 0x20: [io  0x1060-0x106f]
[    0.396909] pci 0000:00:07.1: legacy IDE quirk: reg 0x10: [io  0x01f0-0x01f7]
[    0.396909] pci 0000:00:07.1: legacy IDE quirk: reg 0x14: [io  0x03f6]
[    0.396910] pci 0000:00:07.1: legacy IDE quirk: reg 0x18: [io  0x0170-0x0177]
[    0.396911] pci 0000:00:07.1: legacy IDE quirk: reg 0x1c: [io  0x0376]
[    0.397329] pci 0000:00:07.3: [8086:7113] type 00 class 0x068000
[    0.399207] pci 0000:00:07.3: quirk: [io  0x1000-0x103f] claimed by PIIX4 ACPI
[    0.399219] pci 0000:00:07.3: quirk: [io  0x1040-0x104f] claimed by PIIX4 SMB
[    0.399540] pci 0000:00:07.7: [15ad:0740] type 00 class 0x088000
[    0.400005] pci 0000:00:07.7: reg 0x10: [io  0x1080-0x10bf]
[    0.400534] pci 0000:00:07.7: reg 0x14: [mem 0xfebfe000-0xfebfffff 64bit]
[    0.402785] pci 0000:00:0f.0: [15ad:0405] type 00 class 0x030000
[    0.404015] pci 0000:00:0f.0: reg 0x10: [io  0x1070-0x107f]
[    0.405223] pci 0000:00:0f.0: reg 0x14: [mem 0xe8000000-0xefffffff pref]
[    0.406319] pci 0000:00:0f.0: reg 0x18: [mem 0xfe000000-0xfe7fffff]
[    0.410880] pci 0000:00:0f.0: reg 0x30: [mem 0x00000000-0x00007fff pref]
[    0.411418] pci 0000:00:10.0: [1000:0030] type 00 class 0x010000
[    0.412005] pci 0000:00:10.0: reg 0x10: [io  0x1400-0x14ff]
[    0.412611] pci 0000:00:10.0: reg 0x14: [mem 0xfeba0000-0xfebbffff 64bit]
[    0.413221] pci 0000:00:10.0: reg 0x1c: [mem 0xfebc0000-0xfebdffff 64bit]
[    0.414573] pci 0000:00:10.0: reg 0x30: [mem 0x00000000-0x00003fff pref]
[    0.415342] pci 0000:00:11.0: [15ad:0790] type 01 class 0x060401
[    0.416580] pci 0000:00:15.0: [15ad:07a0] type 01 class 0x060400
[    0.417552] pci 0000:00:15.0: PME# supported from D0 D3hot D3cold
[    0.418097] pci 0000:00:15.1: [15ad:07a0] type 01 class 0x060400
[    0.419019] pci 0000:00:15.1: PME# supported from D0 D3hot D3cold
[    0.419393] pci 0000:00:15.2: [15ad:07a0] type 01 class 0x060400
[    0.420297] pci 0000:00:15.2: PME# supported from D0 D3hot D3cold
[    0.420989] pci 0000:00:15.3: [15ad:07a0] type 01 class 0x060400
[    0.422049] pci 0000:00:15.3: PME# supported from D0 D3hot D3cold
[    0.422463] pci 0000:00:15.4: [15ad:07a0] type 01 class 0x060400
[    0.423329] pci 0000:00:15.4: PME# supported from D0 D3hot D3cold
[    0.423794] pci 0000:00:15.5: [15ad:07a0] type 01 class 0x060400
[    0.424607] pci 0000:00:15.5: PME# supported from D0 D3hot D3cold
[    0.425159] pci 0000:00:15.6: [15ad:07a0] type 01 class 0x060400
[    0.426135] pci 0000:00:15.6: PME# supported from D0 D3hot D3cold
[    0.426485] pci 0000:00:15.7: [15ad:07a0] type 01 class 0x060400
[    0.427304] pci 0000:00:15.7: PME# supported from D0 D3hot D3cold
[    0.427671] pci 0000:00:16.0: [15ad:07a0] type 01 class 0x060400
[    0.428515] pci 0000:00:16.0: PME# supported from D0 D3hot D3cold
[    0.428934] pci 0000:00:16.1: [15ad:07a0] type 01 class 0x060400
[    0.429764] pci 0000:00:16.1: PME# supported from D0 D3hot D3cold
[    0.430225] pci 0000:00:16.2: [15ad:07a0] type 01 class 0x060400
[    0.431113] pci 0000:00:16.2: PME# supported from D0 D3hot D3cold
[    0.431653] pci 0000:00:16.3: [15ad:07a0] type 01 class 0x060400
[    0.432552] pci 0000:00:16.3: PME# supported from D0 D3hot D3cold
[    0.433122] pci 0000:00:16.4: [15ad:07a0] type 01 class 0x060400
[    0.434011] pci 0000:00:16.4: PME# supported from D0 D3hot D3cold
[    0.434361] pci 0000:00:16.5: [15ad:07a0] type 01 class 0x060400
[    0.435328] pci 0000:00:16.5: PME# supported from D0 D3hot D3cold
[    0.435756] pci 0000:00:16.6: [15ad:07a0] type 01 class 0x060400
[    0.436836] pci 0000:00:16.6: PME# supported from D0 D3hot D3cold
[    0.437208] pci 0000:00:16.7: [15ad:07a0] type 01 class 0x060400
[    0.438302] pci 0000:00:16.7: PME# supported from D0 D3hot D3cold
[    0.439010] pci 0000:00:17.0: [15ad:07a0] type 01 class 0x060400
[    0.440000] pci 0000:00:17.0: PME# supported from D0 D3hot D3cold
[    0.440423] pci 0000:00:17.1: [15ad:07a0] type 01 class 0x060400
[    0.441410] pci 0000:00:17.1: PME# supported from D0 D3hot D3cold
[    0.441954] pci 0000:00:17.2: [15ad:07a0] type 01 class 0x060400
[    0.443055] pci 0000:00:17.2: PME# supported from D0 D3hot D3cold
[    0.443742] pci 0000:00:17.3: [15ad:07a0] type 01 class 0x060400
[    0.444854] pci 0000:00:17.3: PME# supported from D0 D3hot D3cold
[    0.445358] pci 0000:00:17.4: [15ad:07a0] type 01 class 0x060400
[    0.446391] pci 0000:00:17.4: PME# supported from D0 D3hot D3cold
[    0.446885] pci 0000:00:17.5: [15ad:07a0] type 01 class 0x060400
[    0.447907] pci 0000:00:17.5: PME# supported from D0 D3hot D3cold
[    0.448405] pci 0000:00:17.6: [15ad:07a0] type 01 class 0x060400
[    0.449400] pci 0000:00:17.6: PME# supported from D0 D3hot D3cold
[    0.449898] pci 0000:00:17.7: [15ad:07a0] type 01 class 0x060400
[    0.450842] pci 0000:00:17.7: PME# supported from D0 D3hot D3cold
[    0.451216] pci 0000:00:18.0: [15ad:07a0] type 01 class 0x060400
[    0.452023] pci 0000:00:18.0: PME# supported from D0 D3hot D3cold
[    0.452444] pci 0000:00:18.1: [15ad:07a0] type 01 class 0x060400
[    0.453350] pci 0000:00:18.1: PME# supported from D0 D3hot D3cold
[    0.453727] pci 0000:00:18.2: [15ad:07a0] type 01 class 0x060400
[    0.454579] pci 0000:00:18.2: PME# supported from D0 D3hot D3cold
[    0.455128] pci 0000:00:18.3: [15ad:07a0] type 01 class 0x060400
[    0.456340] pci 0000:00:18.3: PME# supported from D0 D3hot D3cold
[    0.456702] pci 0000:00:18.4: [15ad:07a0] type 01 class 0x060400
[    0.457656] pci 0000:00:18.4: PME# supported from D0 D3hot D3cold
[    0.458048] pci 0000:00:18.5: [15ad:07a0] type 01 class 0x060400
[    0.458873] pci 0000:00:18.5: PME# supported from D0 D3hot D3cold
[    0.459222] pci 0000:00:18.6: [15ad:07a0] type 01 class 0x060400
[    0.460158] pci 0000:00:18.6: PME# supported from D0 D3hot D3cold
[    0.460541] pci 0000:00:18.7: [15ad:07a0] type 01 class 0x060400
[    0.461365] pci 0000:00:18.7: PME# supported from D0 D3hot D3cold
[    0.461792] pci 0000:00:01.0: PCI bridge to [bus 01]
[    0.462303] acpiphp: Slot [32] registered
[    0.462343] acpiphp: Slot [33] registered
[    0.462477] acpiphp: Slot [34] registered
[    0.462518] acpiphp: Slot [35] registered
[    0.462557] acpiphp: Slot [36] registered
[    0.462596] acpiphp: Slot [37] registered
[    0.462634] acpiphp: Slot [38] registered
[    0.462672] acpiphp: Slot [39] registered
[    0.462710] acpiphp: Slot [40] registered
[    0.462748] acpiphp: Slot [41] registered
[    0.462806] acpiphp: Slot [42] registered
[    0.462845] acpiphp: Slot [43] registered
[    0.462883] acpiphp: Slot [44] registered
[    0.462922] acpiphp: Slot [45] registered
[    0.462993] acpiphp: Slot [46] registered
[    0.463032] acpiphp: Slot [47] registered
[    0.463070] acpiphp: Slot [48] registered
[    0.463108] acpiphp: Slot [49] registered
[    0.463146] acpiphp: Slot [50] registered
[    0.463184] acpiphp: Slot [51] registered
[    0.463222] acpiphp: Slot [52] registered
[    0.463260] acpiphp: Slot [53] registered
[    0.463298] acpiphp: Slot [54] registered
[    0.463362] acpiphp: Slot [55] registered
[    0.463401] acpiphp: Slot [56] registered
[    0.463439] acpiphp: Slot [57] registered
[    0.463512] acpiphp: Slot [58] registered
[    0.463552] acpiphp: Slot [59] registered
[    0.463590] acpiphp: Slot [60] registered
[    0.463628] acpiphp: Slot [61] registered
[    0.463666] acpiphp: Slot [62] registered
[    0.463704] acpiphp: Slot [63] registered
[    0.463777] pci 0000:02:00.0: [15ad:0774] type 00 class 0x0c0300
[    0.465452] pci 0000:02:00.0: reg 0x20: [io  0x2080-0x209f]
[    0.466345] pci 0000:02:01.0: [8086:100f] type 00 class 0x020000
[    0.467107] pci 0000:02:01.0: reg 0x10: [mem 0xfd5c0000-0xfd5dffff 64bit]
[    0.467727] pci 0000:02:01.0: reg 0x18: [mem 0xfdff0000-0xfdffffff 64bit]
[    0.468300] pci 0000:02:01.0: reg 0x20: [io  0x2000-0x203f]
[    0.469490] pci 0000:02:01.0: reg 0x30: [mem 0x00000000-0x0000ffff pref]
[    0.469801] pci 0000:02:01.0: PME# supported from D0 D3hot D3cold
[    0.470035] pci 0000:02:02.0: [1274:1371] type 00 class 0x040100
[    0.470354] pci 0000:02:02.0: reg 0x10: [io  0x2040-0x207f]
[    0.472322] pci 0000:02:03.0: [15ad:0770] type 00 class 0x0c0320
[    0.472703] pci 0000:02:03.0: reg 0x10: [mem 0xfd5ef000-0xfd5effff]
[    0.474947] pci 0000:02:05.0: [15ad:07e0] type 00 class 0x010601
[    0.477040] pci 0000:02:05.0: reg 0x24: [mem 0xfd5ee000-0xfd5eefff]
[    0.477353] pci 0000:02:05.0: reg 0x30: [mem 0x00000000-0x0000ffff pref]
[    0.477751] pci 0000:02:05.0: PME# supported from D3hot
[    0.478231] pci 0000:00:11.0: PCI bridge to [bus 02] (subtractive decode)
[    0.478252] pci 0000:00:11.0:   bridge window [io  0x2000-0x3fff]
[    0.478273] pci 0000:00:11.0:   bridge window [mem 0xfd500000-0xfdffffff]
[    0.478313] pci 0000:00:11.0:   bridge window [mem 0xe7b00000-0xe7ffffff 64bit pref]
[    0.478314] pci 0000:00:11.0:   bridge window [mem 0x000a0000-0x000bffff window] (subtractive decode)
[    0.478315] pci 0000:00:11.0:   bridge window [mem 0x000d0000-0x000d3fff window] (subtractive decode)
[    0.478315] pci 0000:00:11.0:   bridge window [mem 0x000d4000-0x000d7fff window] (subtractive decode)
[    0.478316] pci 0000:00:11.0:   bridge window [mem 0x000d8000-0x000dbfff window] (subtractive decode)
[    0.478316] pci 0000:00:11.0:   bridge window [mem 0xc0000000-0xfebfffff window] (subtractive decode)
[    0.478317] pci 0000:00:11.0:   bridge window [io  0x0000-0x0cf7 window] (subtractive decode)
[    0.478318] pci 0000:00:11.0:   bridge window [io  0x0d00-0xfeff window] (subtractive decode)
[    0.478660] pci 0000:00:15.0: PCI bridge to [bus 03]
[    0.478695] pci 0000:00:15.0:   bridge window [io  0x4000-0x4fff]
[    0.478716] pci 0000:00:15.0:   bridge window [mem 0xfd400000-0xfd4fffff]
[    0.478775] pci 0000:00:15.0:   bridge window [mem 0xe7a00000-0xe7afffff 64bit pref]
[    0.479128] pci 0000:00:15.1: PCI bridge to [bus 04]
[    0.479149] pci 0000:00:15.1:   bridge window [io  0x8000-0x8fff]
[    0.479170] pci 0000:00:15.1:   bridge window [mem 0xfd000000-0xfd0fffff]
[    0.479210] pci 0000:00:15.1:   bridge window [mem 0xe7600000-0xe76fffff 64bit pref]
[    0.479505] pci 0000:00:15.2: PCI bridge to [bus 05]
[    0.479526] pci 0000:00:15.2:   bridge window [io  0xc000-0xcfff]
[    0.479546] pci 0000:00:15.2:   bridge window [mem 0xfcc00000-0xfccfffff]
[    0.479586] pci 0000:00:15.2:   bridge window [mem 0xe7200000-0xe72fffff 64bit pref]
[    0.479876] pci 0000:00:15.3: PCI bridge to [bus 06]
[    0.479917] pci 0000:00:15.3:   bridge window [mem 0xfc800000-0xfc8fffff]
[    0.479956] pci 0000:00:15.3:   bridge window [mem 0xe6e00000-0xe6efffff 64bit pref]
[    0.480299] pci 0000:00:15.4: PCI bridge to [bus 07]
[    0.480339] pci 0000:00:15.4:   bridge window [mem 0xfc400000-0xfc4fffff]
[    0.480379] pci 0000:00:15.4:   bridge window [mem 0xe6a00000-0xe6afffff 64bit pref]
[    0.480671] pci 0000:00:15.5: PCI bridge to [bus 08]
[    0.480712] pci 0000:00:15.5:   bridge window [mem 0xfc000000-0xfc0fffff]
[    0.480751] pci 0000:00:15.5:   bridge window [mem 0xe6600000-0xe66fffff 64bit pref]
[    0.481128] pci 0000:00:15.6: PCI bridge to [bus 09]
[    0.481204] pci 0000:00:15.6:   bridge window [mem 0xfbc00000-0xfbcfffff]
[    0.481243] pci 0000:00:15.6:   bridge window [mem 0xe6200000-0xe62fffff 64bit pref]
[    0.481777] pci 0000:00:15.7: PCI bridge to [bus 0a]
[    0.481817] pci 0000:00:15.7:   bridge window [mem 0xfb800000-0xfb8fffff]
[    0.481855] pci 0000:00:15.7:   bridge window [mem 0xe5e00000-0xe5efffff 64bit pref]
[    0.482184] pci 0000:00:16.0: PCI bridge to [bus 0b]
[    0.482204] pci 0000:00:16.0:   bridge window [io  0x5000-0x5fff]
[    0.482224] pci 0000:00:16.0:   bridge window [mem 0xfd300000-0xfd3fffff]
[    0.482263] pci 0000:00:16.0:   bridge window [mem 0xe7900000-0xe79fffff 64bit pref]
[    0.482589] pci 0000:00:16.1: PCI bridge to [bus 0c]
[    0.482609] pci 0000:00:16.1:   bridge window [io  0x9000-0x9fff]
[    0.482629] pci 0000:00:16.1:   bridge window [mem 0xfcf00000-0xfcffffff]
[    0.482668] pci 0000:00:16.1:   bridge window [mem 0xe7500000-0xe75fffff 64bit pref]
[    0.482953] pci 0000:00:16.2: PCI bridge to [bus 0d]
[    0.482973] pci 0000:00:16.2:   bridge window [io  0xd000-0xdfff]
[    0.482993] pci 0000:00:16.2:   bridge window [mem 0xfcb00000-0xfcbfffff]
[    0.483032] pci 0000:00:16.2:   bridge window [mem 0xe7100000-0xe71fffff 64bit pref]
[    0.483467] pci 0000:00:16.3: PCI bridge to [bus 0e]
[    0.483507] pci 0000:00:16.3:   bridge window [mem 0xfc700000-0xfc7fffff]
[    0.483545] pci 0000:00:16.3:   bridge window [mem 0xe6d00000-0xe6dfffff 64bit pref]
[    0.483933] pci 0000:00:16.4: PCI bridge to [bus 0f]
[    0.483986] pci 0000:00:16.4:   bridge window [mem 0xfc300000-0xfc3fffff]
[    0.484023] pci 0000:00:16.4:   bridge window [mem 0xe6900000-0xe69fffff 64bit pref]
[    0.484385] pci 0000:00:16.5: PCI bridge to [bus 10]
[    0.484424] pci 0000:00:16.5:   bridge window [mem 0xfbf00000-0xfbffffff]
[    0.484463] pci 0000:00:16.5:   bridge window [mem 0xe6500000-0xe65fffff 64bit pref]
[    0.484816] pci 0000:00:16.6: PCI bridge to [bus 11]
[    0.484855] pci 0000:00:16.6:   bridge window [mem 0xfbb00000-0xfbbfffff]
[    0.484893] pci 0000:00:16.6:   bridge window [mem 0xe6100000-0xe61fffff 64bit pref]
[    0.485184] pci 0000:00:16.7: PCI bridge to [bus 12]
[    0.485224] pci 0000:00:16.7:   bridge window [mem 0xfb700000-0xfb7fffff]
[    0.485262] pci 0000:00:16.7:   bridge window [mem 0xe5d00000-0xe5dfffff 64bit pref]
[    0.485547] pci 0000:00:17.0: PCI bridge to [bus 13]
[    0.485567] pci 0000:00:17.0:   bridge window [io  0x6000-0x6fff]
[    0.485587] pci 0000:00:17.0:   bridge window [mem 0xfd200000-0xfd2fffff]
[    0.485626] pci 0000:00:17.0:   bridge window [mem 0xe7800000-0xe78fffff 64bit pref]
[    0.485959] pci 0000:00:17.1: PCI bridge to [bus 14]
[    0.485981] pci 0000:00:17.1:   bridge window [io  0xa000-0xafff]
[    0.486001] pci 0000:00:17.1:   bridge window [mem 0xfce00000-0xfcefffff]
[    0.486046] pci 0000:00:17.1:   bridge window [mem 0xe7400000-0xe74fffff 64bit pref]
[    0.486414] pci 0000:00:17.2: PCI bridge to [bus 15]
[    0.486434] pci 0000:00:17.2:   bridge window [io  0xe000-0xefff]
[    0.486473] pci 0000:00:17.2:   bridge window [mem 0xfca00000-0xfcafffff]
[    0.486532] pci 0000:00:17.2:   bridge window [mem 0xe7000000-0xe70fffff 64bit pref]
[    0.486881] pci 0000:00:17.3: PCI bridge to [bus 16]
[    0.486920] pci 0000:00:17.3:   bridge window [mem 0xfc600000-0xfc6fffff]
[    0.486959] pci 0000:00:17.3:   bridge window [mem 0xe6c00000-0xe6cfffff 64bit pref]
[    0.487281] pci 0000:00:17.4: PCI bridge to [bus 17]
[    0.487320] pci 0000:00:17.4:   bridge window [mem 0xfc200000-0xfc2fffff]
[    0.487359] pci 0000:00:17.4:   bridge window [mem 0xe6800000-0xe68fffff 64bit pref]
[    0.487682] pci 0000:00:17.5: PCI bridge to [bus 18]
[    0.487721] pci 0000:00:17.5:   bridge window [mem 0xfbe00000-0xfbefffff]
[    0.487759] pci 0000:00:17.5:   bridge window [mem 0xe6400000-0xe64fffff 64bit pref]
[    0.488130] pci 0000:00:17.6: PCI bridge to [bus 19]
[    0.488183] pci 0000:00:17.6:   bridge window [mem 0xfba00000-0xfbafffff]
[    0.488221] pci 0000:00:17.6:   bridge window [mem 0xe6000000-0xe60fffff 64bit pref]
[    0.488506] pci 0000:00:17.7: PCI bridge to [bus 1a]
[    0.488546] pci 0000:00:17.7:   bridge window [mem 0xfb600000-0xfb6fffff]
[    0.488584] pci 0000:00:17.7:   bridge window [mem 0xe5c00000-0xe5cfffff 64bit pref]
[    0.489271] pci 0000:00:18.0: PCI bridge to [bus 1b]
[    0.489294] pci 0000:00:18.0:   bridge window [io  0x7000-0x7fff]
[    0.489328] pci 0000:00:18.0:   bridge window [mem 0xfd100000-0xfd1fffff]
[    0.489387] pci 0000:00:18.0:   bridge window [mem 0xe7700000-0xe77fffff 64bit pref]
[    0.489847] pci 0000:00:18.1: PCI bridge to [bus 1c]
[    0.489868] pci 0000:00:18.1:   bridge window [io  0xb000-0xbfff]
[    0.489888] pci 0000:00:18.1:   bridge window [mem 0xfcd00000-0xfcdfffff]
[    0.489927] pci 0000:00:18.1:   bridge window [mem 0xe7300000-0xe73fffff 64bit pref]
[    0.490241] pci 0000:00:18.2: PCI bridge to [bus 1d]
[    0.490281] pci 0000:00:18.2:   bridge window [mem 0xfc900000-0xfc9fffff]
[    0.490321] pci 0000:00:18.2:   bridge window [mem 0xe6f00000-0xe6ffffff 64bit pref]
[    0.490763] pci 0000:00:18.3: PCI bridge to [bus 1e]
[    0.490803] pci 0000:00:18.3:   bridge window [mem 0xfc500000-0xfc5fffff]
[    0.490843] pci 0000:00:18.3:   bridge window [mem 0xe6b00000-0xe6bfffff 64bit pref]
[    0.491344] pci 0000:00:18.4: PCI bridge to [bus 1f]
[    0.491385] pci 0000:00:18.4:   bridge window [mem 0xfc100000-0xfc1fffff]
[    0.491424] pci 0000:00:18.4:   bridge window [mem 0xe6700000-0xe67fffff 64bit pref]
[    0.491906] pci 0000:00:18.5: PCI bridge to [bus 20]
[    0.491947] pci 0000:00:18.5:   bridge window [mem 0xfbd00000-0xfbdfffff]
[    0.491986] pci 0000:00:18.5:   bridge window [mem 0xe6300000-0xe63fffff 64bit pref]
[    0.492312] pci 0000:00:18.6: PCI bridge to [bus 21]
[    0.492353] pci 0000:00:18.6:   bridge window [mem 0xfb900000-0xfb9fffff]
[    0.492393] pci 0000:00:18.6:   bridge window [mem 0xe5f00000-0xe5ffffff 64bit pref]
[    0.492692] pci 0000:00:18.7: PCI bridge to [bus 22]
[    0.492732] pci 0000:00:18.7:   bridge window [mem 0xfb500000-0xfb5fffff]
[    0.492772] pci 0000:00:18.7:   bridge window [mem 0xe5b00000-0xe5bfffff 64bit pref]
[    0.495636] ACPI: PCI Interrupt Link [LNKA] (IRQs 3 4 5 6 7 *9 10 11 14 15)
[    0.495722] ACPI: PCI Interrupt Link [LNKB] (IRQs 3 4 5 6 7 9 10 *11 14 15)
[    0.495803] ACPI: PCI Interrupt Link [LNKC] (IRQs 3 4 5 6 7 9 *10 11 14 15)
[    0.495884] ACPI: PCI Interrupt Link [LNKD] (IRQs 3 4 5 6 *7 9 10 11 14 15)
[    0.547850] SCSI subsystem initialized
[    0.548028] libata version 3.00 loaded.
[    0.548039] pci 0000:00:0f.0: vgaarb: setting as boot VGA device
[    0.548039] pci 0000:00:0f.0: vgaarb: VGA device added: decodes=io+mem,owns=io+mem,locks=none
[    0.548039] pci 0000:00:0f.0: vgaarb: bridge control possible
[    0.548039] vgaarb: loaded
[    0.548052] ACPI: bus type USB registered
[    0.548091] usbcore: registered new interface driver usbfs
[    0.548130] usbcore: registered new interface driver hub
[    0.548176] usbcore: registered new device driver usb
[    0.548557] EDAC MC: Ver: 3.0.0
[    0.549442] PCI: Using ACPI for IRQ routing
[    0.552226] PCI: pci_cache_line_size set to 64 bytes
[    0.553141] e820: reserve RAM buffer [mem 0x0009e800-0x0009ffff]
[    0.553142] e820: reserve RAM buffer [mem 0xbfed0000-0xbfffffff]
[    0.553258] NetLabel: Initializing
[    0.553258] NetLabel:  domain hash size = 128
[    0.553258] NetLabel:  protocols = UNLABELED CIPSOv4 CALIPSO
[    0.553266] NetLabel:  unlabeled traffic allowed by default
[    0.553323] hpet0: at MMIO 0xfed00000, IRQs 2, 8, 0, 0, 0, 0, 0, 0, 0, 0, 0, 0, 0, 0, 0, 0
[    0.553323] hpet0: 16 comparators, 64-bit 14.318180 MHz counter
[    0.556074] clocksource: Switched to clocksource hpet
[    0.600966] VFS: Disk quotas dquot_6.6.0
[    0.601028] VFS: Dquot-cache hash table entries: 512 (order 0, 4096 bytes)
[    0.601482] AppArmor: AppArmor Filesystem Enabled
[    0.601500] pnp: PnP ACPI init
[    0.601669] system 00:00: [io  0x1000-0x103f] has been reserved
[    0.601670] system 00:00: [io  0x1040-0x104f] has been reserved
[    0.601671] system 00:00: [io  0x0cf0-0x0cf1] has been reserved
[    0.601674] system 00:00: Plug and Play ACPI device, IDs PNP0c02 (active)
[    0.601729] pnp 00:01: Plug and Play ACPI device, IDs PNP0b00 (active)
[    0.601743] pnp 00:02: Plug and Play ACPI device, IDs PNP0303 (active)
[    0.601754] pnp 00:03: Plug and Play ACPI device, IDs VMW0003 PNP0f13 (active)
[    0.601967] system 00:04: [mem 0xfed00000-0xfed003ff] has been reserved
[    0.601970] system 00:04: Plug and Play ACPI device, IDs PNP0103 PNP0c01 (active)
[    0.603470] pnp 00:05: Plug and Play ACPI device, IDs PNP0501 (active)
[    0.603837] system 00:06: [io  0xfce0-0xfcff] has been reserved
[    0.603838] system 00:06: [mem 0xf0000000-0xf7ffffff] has been reserved
[    0.603839] system 00:06: [mem 0xfe800000-0xfe9fffff] has been reserved
[    0.603842] system 00:06: Plug and Play ACPI device, IDs PNP0c02 (active)
[    0.636111] pnp: PnP ACPI: found 7 devices
[    0.654887] clocksource: acpi_pm: mask: 0xffffff max_cycles: 0xffffff, max_idle_ns: 2085701024 ns
[    0.654902] pci 0000:00:15.3: bridge window [io  0x1000-0x0fff] to [bus 06] add_size 1000
[    0.654903] pci 0000:00:15.4: bridge window [io  0x1000-0x0fff] to [bus 07] add_size 1000
[    0.654918] pci 0000:00:15.5: bridge window [io  0x1000-0x0fff] to [bus 08] add_size 1000
[    0.654919] pci 0000:00:15.6: bridge window [io  0x1000-0x0fff] to [bus 09] add_size 1000
[    0.654920] pci 0000:00:15.7: bridge window [io  0x1000-0x0fff] to [bus 0a] add_size 1000
[    0.654921] pci 0000:00:16.3: bridge window [io  0x1000-0x0fff] to [bus 0e] add_size 1000
[    0.654922] pci 0000:00:16.4: bridge window [io  0x1000-0x0fff] to [bus 0f] add_size 1000
[    0.654923] pci 0000:00:16.5: bridge window [io  0x1000-0x0fff] to [bus 10] add_size 1000
[    0.654924] pci 0000:00:16.6: bridge window [io  0x1000-0x0fff] to [bus 11] add_size 1000
[    0.654925] pci 0000:00:16.7: bridge window [io  0x1000-0x0fff] to [bus 12] add_size 1000
[    0.654926] pci 0000:00:17.3: bridge window [io  0x1000-0x0fff] to [bus 16] add_size 1000
[    0.654927] pci 0000:00:17.4: bridge window [io  0x1000-0x0fff] to [bus 17] add_size 1000
[    0.654950] pci 0000:00:17.5: bridge window [io  0x1000-0x0fff] to [bus 18] add_size 1000
[    0.654951] pci 0000:00:17.6: bridge window [io  0x1000-0x0fff] to [bus 19] add_size 1000
[    0.654952] pci 0000:00:17.7: bridge window [io  0x1000-0x0fff] to [bus 1a] add_size 1000
[    0.654953] pci 0000:00:18.2: bridge window [io  0x1000-0x0fff] to [bus 1d] add_size 1000
[    0.654954] pci 0000:00:18.3: bridge window [io  0x1000-0x0fff] to [bus 1e] add_size 1000
[    0.654955] pci 0000:00:18.4: bridge window [io  0x1000-0x0fff] to [bus 1f] add_size 1000
[    0.654956] pci 0000:00:18.5: bridge window [io  0x1000-0x0fff] to [bus 20] add_size 1000
[    0.654956] pci 0000:00:18.6: bridge window [io  0x1000-0x0fff] to [bus 21] add_size 1000
[    0.654957] pci 0000:00:18.7: bridge window [io  0x1000-0x0fff] to [bus 22] add_size 1000
[    0.655040] pci 0000:00:0f.0: BAR 6: assigned [mem 0xc0000000-0xc0007fff pref]
[    0.655041] pci 0000:00:10.0: BAR 6: assigned [mem 0xc0008000-0xc000bfff pref]
[    0.655044] pci 0000:00:15.3: BAR 13: no space for [io  size 0x1000]
[    0.655045] pci 0000:00:15.3: BAR 13: failed to assign [io  size 0x1000]
[    0.655046] pci 0000:00:15.4: BAR 13: no space for [io  size 0x1000]
[    0.655047] pci 0000:00:15.4: BAR 13: failed to assign [io  size 0x1000]
[    0.655048] pci 0000:00:15.5: BAR 13: no space for [io  size 0x1000]
[    0.655049] pci 0000:00:15.5: BAR 13: failed to assign [io  size 0x1000]
[    0.655050] pci 0000:00:15.6: BAR 13: no space for [io  size 0x1000]
[    0.655051] pci 0000:00:15.6: BAR 13: failed to assign [io  size 0x1000]
[    0.655052] pci 0000:00:15.7: BAR 13: no space for [io  size 0x1000]
[    0.655053] pci 0000:00:15.7: BAR 13: failed to assign [io  size 0x1000]
[    0.655054] pci 0000:00:16.3: BAR 13: no space for [io  size 0x1000]
[    0.655055] pci 0000:00:16.3: BAR 13: failed to assign [io  size 0x1000]
[    0.655056] pci 0000:00:16.4: BAR 13: no space for [io  size 0x1000]
[    0.655056] pci 0000:00:16.4: BAR 13: failed to assign [io  size 0x1000]
[    0.655058] pci 0000:00:16.5: BAR 13: no space for [io  size 0x1000]
[    0.655058] pci 0000:00:16.5: BAR 13: failed to assign [io  size 0x1000]
[    0.655060] pci 0000:00:16.6: BAR 13: no space for [io  size 0x1000]
[    0.655074] pci 0000:00:16.6: BAR 13: failed to assign [io  size 0x1000]
[    0.655075] pci 0000:00:16.7: BAR 13: no space for [io  size 0x1000]
[    0.655075] pci 0000:00:16.7: BAR 13: failed to assign [io  size 0x1000]
[    0.655077] pci 0000:00:17.3: BAR 13: no space for [io  size 0x1000]
[    0.655077] pci 0000:00:17.3: BAR 13: failed to assign [io  size 0x1000]
[    0.655078] pci 0000:00:17.4: BAR 13: no space for [io  size 0x1000]
[    0.655079] pci 0000:00:17.4: BAR 13: failed to assign [io  size 0x1000]
[    0.655080] pci 0000:00:17.5: BAR 13: no space for [io  size 0x1000]
[    0.655081] pci 0000:00:17.5: BAR 13: failed to assign [io  size 0x1000]
[    0.655082] pci 0000:00:17.6: BAR 13: no space for [io  size 0x1000]
[    0.655096] pci 0000:00:17.6: BAR 13: failed to assign [io  size 0x1000]
[    0.655097] pci 0000:00:17.7: BAR 13: no space for [io  size 0x1000]
[    0.655097] pci 0000:00:17.7: BAR 13: failed to assign [io  size 0x1000]
[    0.655099] pci 0000:00:18.2: BAR 13: no space for [io  size 0x1000]
[    0.655099] pci 0000:00:18.2: BAR 13: failed to assign [io  size 0x1000]
[    0.655100] pci 0000:00:18.3: BAR 13: no space for [io  size 0x1000]
[    0.655101] pci 0000:00:18.3: BAR 13: failed to assign [io  size 0x1000]
[    0.655102] pci 0000:00:18.4: BAR 13: no space for [io  size 0x1000]
[    0.655103] pci 0000:00:18.4: BAR 13: failed to assign [io  size 0x1000]
[    0.655104] pci 0000:00:18.5: BAR 13: no space for [io  size 0x1000]
[    0.655104] pci 0000:00:18.5: BAR 13: failed to assign [io  size 0x1000]
[    0.655106] pci 0000:00:18.6: BAR 13: no space for [io  size 0x1000]
[    0.655106] pci 0000:00:18.6: BAR 13: failed to assign [io  size 0x1000]
[    0.655107] pci 0000:00:18.7: BAR 13: no space for [io  size 0x1000]
[    0.655108] pci 0000:00:18.7: BAR 13: failed to assign [io  size 0x1000]
[    0.655111] pci 0000:00:18.7: BAR 13: no space for [io  size 0x1000]
[    0.655111] pci 0000:00:18.7: BAR 13: failed to assign [io  size 0x1000]
[    0.655113] pci 0000:00:18.6: BAR 13: no space for [io  size 0x1000]
[    0.655113] pci 0000:00:18.6: BAR 13: failed to assign [io  size 0x1000]
[    0.655114] pci 0000:00:18.5: BAR 13: no space for [io  size 0x1000]
[    0.655115] pci 0000:00:18.5: BAR 13: failed to assign [io  size 0x1000]
[    0.655116] pci 0000:00:18.4: BAR 13: no space for [io  size 0x1000]
[    0.655117] pci 0000:00:18.4: BAR 13: failed to assign [io  size 0x1000]
[    0.655118] pci 0000:00:18.3: BAR 13: no space for [io  size 0x1000]
[    0.655118] pci 0000:00:18.3: BAR 13: failed to assign [io  size 0x1000]
[    0.655120] pci 0000:00:18.2: BAR 13: no space for [io  size 0x1000]
[    0.655120] pci 0000:00:18.2: BAR 13: failed to assign [io  size 0x1000]
[    0.655121] pci 0000:00:17.7: BAR 13: no space for [io  size 0x1000]
[    0.655122] pci 0000:00:17.7: BAR 13: failed to assign [io  size 0x1000]
[    0.655123] pci 0000:00:17.6: BAR 13: no space for [io  size 0x1000]
[    0.655123] pci 0000:00:17.6: BAR 13: failed to assign [io  size 0x1000]
[    0.655125] pci 0000:00:17.5: BAR 13: no space for [io  size 0x1000]
[    0.655125] pci 0000:00:17.5: BAR 13: failed to assign [io  size 0x1000]
[    0.655126] pci 0000:00:17.4: BAR 13: no space for [io  size 0x1000]
[    0.655127] pci 0000:00:17.4: BAR 13: failed to assign [io  size 0x1000]
[    0.655128] pci 0000:00:17.3: BAR 13: no space for [io  size 0x1000]
[    0.655129] pci 0000:00:17.3: BAR 13: failed to assign [io  size 0x1000]
[    0.655130] pci 0000:00:16.7: BAR 13: no space for [io  size 0x1000]
[    0.655131] pci 0000:00:16.7: BAR 13: failed to assign [io  size 0x1000]
[    0.655132] pci 0000:00:16.6: BAR 13: no space for [io  size 0x1000]
[    0.655132] pci 0000:00:16.6: BAR 13: failed to assign [io  size 0x1000]
[    0.655133] pci 0000:00:16.5: BAR 13: no space for [io  size 0x1000]
[    0.655134] pci 0000:00:16.5: BAR 13: failed to assign [io  size 0x1000]
[    0.655135] pci 0000:00:16.4: BAR 13: no space for [io  size 0x1000]
[    0.655136] pci 0000:00:16.4: BAR 13: failed to assign [io  size 0x1000]
[    0.655137] pci 0000:00:16.3: BAR 13: no space for [io  size 0x1000]
[    0.655137] pci 0000:00:16.3: BAR 13: failed to assign [io  size 0x1000]
[    0.655139] pci 0000:00:15.7: BAR 13: no space for [io  size 0x1000]
[    0.655139] pci 0000:00:15.7: BAR 13: failed to assign [io  size 0x1000]
[    0.655140] pci 0000:00:15.6: BAR 13: no space for [io  size 0x1000]
[    0.655141] pci 0000:00:15.6: BAR 13: failed to assign [io  size 0x1000]
[    0.655142] pci 0000:00:15.5: BAR 13: no space for [io  size 0x1000]
[    0.655143] pci 0000:00:15.5: BAR 13: failed to assign [io  size 0x1000]
[    0.655144] pci 0000:00:15.4: BAR 13: no space for [io  size 0x1000]
[    0.655144] pci 0000:00:15.4: BAR 13: failed to assign [io  size 0x1000]
[    0.655145] pci 0000:00:15.3: BAR 13: no space for [io  size 0x1000]
[    0.655146] pci 0000:00:15.3: BAR 13: failed to assign [io  size 0x1000]
[    0.655148] pci 0000:00:01.0: PCI bridge to [bus 01]
[    0.655329] pci 0000:02:01.0: BAR 6: assigned [mem 0xfd500000-0xfd50ffff pref]
[    0.655330] pci 0000:02:05.0: BAR 6: assigned [mem 0xfd510000-0xfd51ffff pref]
[    0.655331] pci 0000:00:11.0: PCI bridge to [bus 02]
[    0.655344] pci 0000:00:11.0:   bridge window [io  0x2000-0x3fff]
[    0.655387] pci 0000:00:11.0:   bridge window [mem 0xfd500000-0xfdffffff]
[    0.655408] pci 0000:00:11.0:   bridge window [mem 0xe7b00000-0xe7ffffff 64bit pref]
[    0.655447] pci 0000:00:15.0: PCI bridge to [bus 03]
[    0.655477] pci 0000:00:15.0:   bridge window [io  0x4000-0x4fff]
[    0.655539] pci 0000:00:15.0:   bridge window [mem 0xfd400000-0xfd4fffff]
[    0.655592] pci 0000:00:15.0:   bridge window [mem 0xe7a00000-0xe7afffff 64bit pref]
[    0.655705] pci 0000:00:15.1: PCI bridge to [bus 04]
[    0.655717] pci 0000:00:15.1:   bridge window [io  0x8000-0x8fff]
[    0.655747] pci 0000:00:15.1:   bridge window [mem 0xfd000000-0xfd0fffff]
[    0.655766] pci 0000:00:15.1:   bridge window [mem 0xe7600000-0xe76fffff 64bit pref]
[    0.655818] pci 0000:00:15.2: PCI bridge to [bus 05]
[    0.655830] pci 0000:00:15.2:   bridge window [io  0xc000-0xcfff]
[    0.655859] pci 0000:00:15.2:   bridge window [mem 0xfcc00000-0xfccfffff]
[    0.655879] pci 0000:00:15.2:   bridge window [mem 0xe7200000-0xe72fffff 64bit pref]
[    0.655929] pci 0000:00:15.3: PCI bridge to [bus 06]
[    0.655959] pci 0000:00:15.3:   bridge window [mem 0xfc800000-0xfc8fffff]
[    0.655979] pci 0000:00:15.3:   bridge window [mem 0xe6e00000-0xe6efffff 64bit pref]
[    0.656044] pci 0000:00:15.4: PCI bridge to [bus 07]
[    0.656074] pci 0000:00:15.4:   bridge window [mem 0xfc400000-0xfc4fffff]
[    0.656094] pci 0000:00:15.4:   bridge window [mem 0xe6a00000-0xe6afffff 64bit pref]
[    0.656145] pci 0000:00:15.5: PCI bridge to [bus 08]
[    0.656194] pci 0000:00:15.5:   bridge window [mem 0xfc000000-0xfc0fffff]
[    0.656227] pci 0000:00:15.5:   bridge window [mem 0xe6600000-0xe66fffff 64bit pref]
[    0.656317] pci 0000:00:15.6: PCI bridge to [bus 09]
[    0.656347] pci 0000:00:15.6:   bridge window [mem 0xfbc00000-0xfbcfffff]
[    0.656367] pci 0000:00:15.6:   bridge window [mem 0xe6200000-0xe62fffff 64bit pref]
[    0.656417] pci 0000:00:15.7: PCI bridge to [bus 0a]
[    0.656466] pci 0000:00:15.7:   bridge window [mem 0xfb800000-0xfb8fffff]
[    0.656499] pci 0000:00:15.7:   bridge window [mem 0xe5e00000-0xe5efffff 64bit pref]
[    0.656600] pci 0000:00:16.0: PCI bridge to [bus 0b]
[    0.656612] pci 0000:00:16.0:   bridge window [io  0x5000-0x5fff]
[    0.656686] pci 0000:00:16.0:   bridge window [mem 0xfd300000-0xfd3fffff]
[    0.656706] pci 0000:00:16.0:   bridge window [mem 0xe7900000-0xe79fffff 64bit pref]
[    0.656776] pci 0000:00:16.1: PCI bridge to [bus 0c]
[    0.656787] pci 0000:00:16.1:   bridge window [io  0x9000-0x9fff]
[    0.656850] pci 0000:00:16.1:   bridge window [mem 0xfcf00000-0xfcffffff]
[    0.656902] pci 0000:00:16.1:   bridge window [mem 0xe7500000-0xe75fffff 64bit pref]
[    0.656965] pci 0000:00:16.2: PCI bridge to [bus 0d]
[    0.656977] pci 0000:00:16.2:   bridge window [io  0xd000-0xdfff]
[    0.657006] pci 0000:00:16.2:   bridge window [mem 0xfcb00000-0xfcbfffff]
[    0.657026] pci 0000:00:16.2:   bridge window [mem 0xe7100000-0xe71fffff 64bit pref]
[    0.657095] pci 0000:00:16.3: PCI bridge to [bus 0e]
[    0.657172] pci 0000:00:16.3:   bridge window [mem 0xfc700000-0xfc7fffff]
[    0.657212] pci 0000:00:16.3:   bridge window [mem 0xe6d00000-0xe6dfffff 64bit pref]
[    0.657303] pci 0000:00:16.4: PCI bridge to [bus 0f]
[    0.657346] pci 0000:00:16.4:   bridge window [mem 0xfc300000-0xfc3fffff]
[    0.657365] pci 0000:00:16.4:   bridge window [mem 0xe6900000-0xe69fffff 64bit pref]
[    0.657416] pci 0000:00:16.5: PCI bridge to [bus 10]
[    0.657445] pci 0000:00:16.5:   bridge window [mem 0xfbf00000-0xfbffffff]
[    0.657465] pci 0000:00:16.5:   bridge window [mem 0xe6500000-0xe65fffff 64bit pref]
[    0.657515] pci 0000:00:16.6: PCI bridge to [bus 11]
[    0.657564] pci 0000:00:16.6:   bridge window [mem 0xfbb00000-0xfbbfffff]
[    0.657619] pci 0000:00:16.6:   bridge window [mem 0xe6100000-0xe61fffff 64bit pref]
[    0.657697] pci 0000:00:16.7: PCI bridge to [bus 12]
[    0.657745] pci 0000:00:16.7:   bridge window [mem 0xfb700000-0xfb7fffff]
[    0.657766] pci 0000:00:16.7:   bridge window [mem 0xe5d00000-0xe5dfffff 64bit pref]
[    0.657830] pci 0000:00:17.0: PCI bridge to [bus 13]
[    0.657841] pci 0000:00:17.0:   bridge window [io  0x6000-0x6fff]
[    0.657871] pci 0000:00:17.0:   bridge window [mem 0xfd200000-0xfd2fffff]
[    0.657891] pci 0000:00:17.0:   bridge window [mem 0xe7800000-0xe78fffff 64bit pref]
[    0.657940] pci 0000:00:17.1: PCI bridge to [bus 14]
[    0.657952] pci 0000:00:17.1:   bridge window [io  0xa000-0xafff]
[    0.657981] pci 0000:00:17.1:   bridge window [mem 0xfce00000-0xfcefffff]
[    0.658001] pci 0000:00:17.1:   bridge window [mem 0xe7400000-0xe74fffff 64bit pref]
[    0.658056] pci 0000:00:17.2: PCI bridge to [bus 15]
[    0.658067] pci 0000:00:17.2:   bridge window [io  0xe000-0xefff]
[    0.658097] pci 0000:00:17.2:   bridge window [mem 0xfca00000-0xfcafffff]
[    0.658117] pci 0000:00:17.2:   bridge window [mem 0xe7000000-0xe70fffff 64bit pref]
[    0.658168] pci 0000:00:17.3: PCI bridge to [bus 16]
[    0.658198] pci 0000:00:17.3:   bridge window [mem 0xfc600000-0xfc6fffff]
[    0.658217] pci 0000:00:17.3:   bridge window [mem 0xe6c00000-0xe6cfffff 64bit pref]
[    0.658269] pci 0000:00:17.4: PCI bridge to [bus 17]
[    0.658298] pci 0000:00:17.4:   bridge window [mem 0xfc200000-0xfc2fffff]
[    0.658318] pci 0000:00:17.4:   bridge window [mem 0xe6800000-0xe68fffff 64bit pref]
[    0.658368] pci 0000:00:17.5: PCI bridge to [bus 18]
[    0.658417] pci 0000:00:17.5:   bridge window [mem 0xfbe00000-0xfbefffff]
[    0.658473] pci 0000:00:17.5:   bridge window [mem 0xe6400000-0xe64fffff 64bit pref]
[    0.658540] pci 0000:00:17.6: PCI bridge to [bus 19]
[    0.658569] pci 0000:00:17.6:   bridge window [mem 0xfba00000-0xfbafffff]
[    0.658589] pci 0000:00:17.6:   bridge window [mem 0xe6000000-0xe60fffff 64bit pref]
[    0.658673] pci 0000:00:17.7: PCI bridge to [bus 1a]
[    0.658703] pci 0000:00:17.7:   bridge window [mem 0xfb600000-0xfb6fffff]
[    0.658723] pci 0000:00:17.7:   bridge window [mem 0xe5c00000-0xe5cfffff 64bit pref]
[    0.658773] pci 0000:00:18.0: PCI bridge to [bus 1b]
[    0.658786] pci 0000:00:18.0:   bridge window [io  0x7000-0x7fff]
[    0.658815] pci 0000:00:18.0:   bridge window [mem 0xfd100000-0xfd1fffff]
[    0.658835] pci 0000:00:18.0:   bridge window [mem 0xe7700000-0xe77fffff 64bit pref]
[    0.658905] pci 0000:00:18.1: PCI bridge to [bus 1c]
[    0.658937] pci 0000:00:18.1:   bridge window [io  0xb000-0xbfff]
[    0.658981] pci 0000:00:18.1:   bridge window [mem 0xfcd00000-0xfcdfffff]
[    0.659016] pci 0000:00:18.1:   bridge window [mem 0xe7300000-0xe73fffff 64bit pref]
[    0.659066] pci 0000:00:18.2: PCI bridge to [bus 1d]
[    0.659096] pci 0000:00:18.2:   bridge window [mem 0xfc900000-0xfc9fffff]
[    0.659116] pci 0000:00:18.2:   bridge window [mem 0xe6f00000-0xe6ffffff 64bit pref]
[    0.659165] pci 0000:00:18.3: PCI bridge to [bus 1e]
[    0.659195] pci 0000:00:18.3:   bridge window [mem 0xfc500000-0xfc5fffff]
[    0.659215] pci 0000:00:18.3:   bridge window [mem 0xe6b00000-0xe6bfffff 64bit pref]
[    0.659265] pci 0000:00:18.4: PCI bridge to [bus 1f]
[    0.659294] pci 0000:00:18.4:   bridge window [mem 0xfc100000-0xfc1fffff]
[    0.659315] pci 0000:00:18.4:   bridge window [mem 0xe6700000-0xe67fffff 64bit pref]
[    0.659364] pci 0000:00:18.5: PCI bridge to [bus 20]
[    0.659394] pci 0000:00:18.5:   bridge window [mem 0xfbd00000-0xfbdfffff]
[    0.659414] pci 0000:00:18.5:   bridge window [mem 0xe6300000-0xe63fffff 64bit pref]
[    0.659464] pci 0000:00:18.6: PCI bridge to [bus 21]
[    0.659493] pci 0000:00:18.6:   bridge window [mem 0xfb900000-0xfb9fffff]
[    0.659513] pci 0000:00:18.6:   bridge window [mem 0xe5f00000-0xe5ffffff 64bit pref]
[    0.659563] pci 0000:00:18.7: PCI bridge to [bus 22]
[    0.659593] pci 0000:00:18.7:   bridge window [mem 0xfb500000-0xfb5fffff]
[    0.659612] pci 0000:00:18.7:   bridge window [mem 0xe5b00000-0xe5bfffff 64bit pref]
[    0.659663] pci_bus 0000:00: resource 4 [mem 0x000a0000-0x000bffff window]
[    0.659663] pci_bus 0000:00: resource 5 [mem 0x000d0000-0x000d3fff window]
[    0.659664] pci_bus 0000:00: resource 6 [mem 0x000d4000-0x000d7fff window]
[    0.659665] pci_bus 0000:00: resource 7 [mem 0x000d8000-0x000dbfff window]
[    0.659665] pci_bus 0000:00: resource 8 [mem 0xc0000000-0xfebfffff window]
[    0.659666] pci_bus 0000:00: resource 9 [io  0x0000-0x0cf7 window]
[    0.659667] pci_bus 0000:00: resource 10 [io  0x0d00-0xfeff window]
[    0.659668] pci_bus 0000:02: resource 0 [io  0x2000-0x3fff]
[    0.659669] pci_bus 0000:02: resource 1 [mem 0xfd500000-0xfdffffff]
[    0.659670] pci_bus 0000:02: resource 2 [mem 0xe7b00000-0xe7ffffff 64bit pref]
[    0.659670] pci_bus 0000:02: resource 4 [mem 0x000a0000-0x000bffff window]
[    0.659671] pci_bus 0000:02: resource 5 [mem 0x000d0000-0x000d3fff window]
[    0.659671] pci_bus 0000:02: resource 6 [mem 0x000d4000-0x000d7fff window]
[    0.659672] pci_bus 0000:02: resource 7 [mem 0x000d8000-0x000dbfff window]
[    0.659673] pci_bus 0000:02: resource 8 [mem 0xc0000000-0xfebfffff window]
[    0.659673] pci_bus 0000:02: resource 9 [io  0x0000-0x0cf7 window]
[    0.659674] pci_bus 0000:02: resource 10 [io  0x0d00-0xfeff window]
[    0.659675] pci_bus 0000:03: resource 0 [io  0x4000-0x4fff]
[    0.659675] pci_bus 0000:03: resource 1 [mem 0xfd400000-0xfd4fffff]
[    0.659676] pci_bus 0000:03: resource 2 [mem 0xe7a00000-0xe7afffff 64bit pref]
[    0.659677] pci_bus 0000:04: resource 0 [io  0x8000-0x8fff]
[    0.659677] pci_bus 0000:04: resource 1 [mem 0xfd000000-0xfd0fffff]
[    0.659678] pci_bus 0000:04: resource 2 [mem 0xe7600000-0xe76fffff 64bit pref]
[    0.659679] pci_bus 0000:05: resource 0 [io  0xc000-0xcfff]
[    0.659679] pci_bus 0000:05: resource 1 [mem 0xfcc00000-0xfccfffff]
[    0.659680] pci_bus 0000:05: resource 2 [mem 0xe7200000-0xe72fffff 64bit pref]
[    0.659681] pci_bus 0000:06: resource 1 [mem 0xfc800000-0xfc8fffff]
[    0.659681] pci_bus 0000:06: resource 2 [mem 0xe6e00000-0xe6efffff 64bit pref]
[    0.659682] pci_bus 0000:07: resource 1 [mem 0xfc400000-0xfc4fffff]
[    0.659683] pci_bus 0000:07: resource 2 [mem 0xe6a00000-0xe6afffff 64bit pref]
[    0.659683] pci_bus 0000:08: resource 1 [mem 0xfc000000-0xfc0fffff]
[    0.659684] pci_bus 0000:08: resource 2 [mem 0xe6600000-0xe66fffff 64bit pref]
[    0.659685] pci_bus 0000:09: resource 1 [mem 0xfbc00000-0xfbcfffff]
[    0.659685] pci_bus 0000:09: resource 2 [mem 0xe6200000-0xe62fffff 64bit pref]
[    0.659686] pci_bus 0000:0a: resource 1 [mem 0xfb800000-0xfb8fffff]
[    0.659687] pci_bus 0000:0a: resource 2 [mem 0xe5e00000-0xe5efffff 64bit pref]
[    0.659687] pci_bus 0000:0b: resource 0 [io  0x5000-0x5fff]
[    0.659688] pci_bus 0000:0b: resource 1 [mem 0xfd300000-0xfd3fffff]
[    0.659688] pci_bus 0000:0b: resource 2 [mem 0xe7900000-0xe79fffff 64bit pref]
[    0.659689] pci_bus 0000:0c: resource 0 [io  0x9000-0x9fff]
[    0.659690] pci_bus 0000:0c: resource 1 [mem 0xfcf00000-0xfcffffff]
[    0.659690] pci_bus 0000:0c: resource 2 [mem 0xe7500000-0xe75fffff 64bit pref]
[    0.659691] pci_bus 0000:0d: resource 0 [io  0xd000-0xdfff]
[    0.659691] pci_bus 0000:0d: resource 1 [mem 0xfcb00000-0xfcbfffff]
[    0.659692] pci_bus 0000:0d: resource 2 [mem 0xe7100000-0xe71fffff 64bit pref]
[    0.659693] pci_bus 0000:0e: resource 1 [mem 0xfc700000-0xfc7fffff]
[    0.659693] pci_bus 0000:0e: resource 2 [mem 0xe6d00000-0xe6dfffff 64bit pref]
[    0.659694] pci_bus 0000:0f: resource 1 [mem 0xfc300000-0xfc3fffff]
[    0.659695] pci_bus 0000:0f: resource 2 [mem 0xe6900000-0xe69fffff 64bit pref]
[    0.659695] pci_bus 0000:10: resource 1 [mem 0xfbf00000-0xfbffffff]
[    0.659696] pci_bus 0000:10: resource 2 [mem 0xe6500000-0xe65fffff 64bit pref]
[    0.659697] pci_bus 0000:11: resource 1 [mem 0xfbb00000-0xfbbfffff]
[    0.659697] pci_bus 0000:11: resource 2 [mem 0xe6100000-0xe61fffff 64bit pref]
[    0.659698] pci_bus 0000:12: resource 1 [mem 0xfb700000-0xfb7fffff]
[    0.659698] pci_bus 0000:12: resource 2 [mem 0xe5d00000-0xe5dfffff 64bit pref]
[    0.659699] pci_bus 0000:13: resource 0 [io  0x6000-0x6fff]
[    0.659700] pci_bus 0000:13: resource 1 [mem 0xfd200000-0xfd2fffff]
[    0.659700] pci_bus 0000:13: resource 2 [mem 0xe7800000-0xe78fffff 64bit pref]
[    0.659701] pci_bus 0000:14: resource 0 [io  0xa000-0xafff]
[    0.659701] pci_bus 0000:14: resource 1 [mem 0xfce00000-0xfcefffff]
[    0.659702] pci_bus 0000:14: resource 2 [mem 0xe7400000-0xe74fffff 64bit pref]
[    0.659703] pci_bus 0000:15: resource 0 [io  0xe000-0xefff]
[    0.659703] pci_bus 0000:15: resource 1 [mem 0xfca00000-0xfcafffff]
[    0.659704] pci_bus 0000:15: resource 2 [mem 0xe7000000-0xe70fffff 64bit pref]
[    0.659704] pci_bus 0000:16: resource 1 [mem 0xfc600000-0xfc6fffff]
[    0.659705] pci_bus 0000:16: resource 2 [mem 0xe6c00000-0xe6cfffff 64bit pref]
[    0.659706] pci_bus 0000:17: resource 1 [mem 0xfc200000-0xfc2fffff]
[    0.659706] pci_bus 0000:17: resource 2 [mem 0xe6800000-0xe68fffff 64bit pref]
[    0.659707] pci_bus 0000:18: resource 1 [mem 0xfbe00000-0xfbefffff]
[    0.659708] pci_bus 0000:18: resource 2 [mem 0xe6400000-0xe64fffff 64bit pref]
[    0.659708] pci_bus 0000:19: resource 1 [mem 0xfba00000-0xfbafffff]
[    0.659709] pci_bus 0000:19: resource 2 [mem 0xe6000000-0xe60fffff 64bit pref]
[    0.659710] pci_bus 0000:1a: resource 1 [mem 0xfb600000-0xfb6fffff]
[    0.659710] pci_bus 0000:1a: resource 2 [mem 0xe5c00000-0xe5cfffff 64bit pref]
[    0.659711] pci_bus 0000:1b: resource 0 [io  0x7000-0x7fff]
[    0.659711] pci_bus 0000:1b: resource 1 [mem 0xfd100000-0xfd1fffff]
[    0.659712] pci_bus 0000:1b: resource 2 [mem 0xe7700000-0xe77fffff 64bit pref]
[    0.659713] pci_bus 0000:1c: resource 0 [io  0xb000-0xbfff]
[    0.659713] pci_bus 0000:1c: resource 1 [mem 0xfcd00000-0xfcdfffff]
[    0.659714] pci_bus 0000:1c: resource 2 [mem 0xe7300000-0xe73fffff 64bit pref]
[    0.659714] pci_bus 0000:1d: resource 1 [mem 0xfc900000-0xfc9fffff]
[    0.659715] pci_bus 0000:1d: resource 2 [mem 0xe6f00000-0xe6ffffff 64bit pref]
[    0.659716] pci_bus 0000:1e: resource 1 [mem 0xfc500000-0xfc5fffff]
[    0.659716] pci_bus 0000:1e: resource 2 [mem 0xe6b00000-0xe6bfffff 64bit pref]
[    0.659717] pci_bus 0000:1f: resource 1 [mem 0xfc100000-0xfc1fffff]
[    0.659718] pci_bus 0000:1f: resource 2 [mem 0xe6700000-0xe67fffff 64bit pref]
[    0.659718] pci_bus 0000:20: resource 1 [mem 0xfbd00000-0xfbdfffff]
[    0.659719] pci_bus 0000:20: resource 2 [mem 0xe6300000-0xe63fffff 64bit pref]
[    0.659720] pci_bus 0000:21: resource 1 [mem 0xfb900000-0xfb9fffff]
[    0.659720] pci_bus 0000:21: resource 2 [mem 0xe5f00000-0xe5ffffff 64bit pref]
[    0.659721] pci_bus 0000:22: resource 1 [mem 0xfb500000-0xfb5fffff]
[    0.659722] pci_bus 0000:22: resource 2 [mem 0xe5b00000-0xe5bfffff 64bit pref]
[    0.659964] NET: Registered protocol family 2
[    0.660595] TCP established hash table entries: 32768 (order: 6, 262144 bytes)
[    0.661811] TCP bind hash table entries: 32768 (order: 7, 524288 bytes)
[    0.663855] TCP: Hash tables configured (established 32768 bind 32768)
[    0.665413] UDP hash table entries: 2048 (order: 4, 65536 bytes)
[    0.665677] UDP-Lite hash table entries: 2048 (order: 4, 65536 bytes)
[    0.667190] NET: Registered protocol family 1
[    0.667230] pci 0000:00:00.0: Limiting direct PCI/PCI transfers
[    0.667337] pci 0000:00:0f.0: Video device with shadowed ROM at [mem 0x000c0000-0x000dffff]
[    0.668714] PCI: CLS mismatch (32 != 64), using 64 bytes
[    0.669401] Unpacking initramfs...
[    2.084208] Freeing initrd memory: 56332K
[    2.084229] PCI-DMA: Using software bounce buffering for IO (SWIOTLB)
[    2.084231] software IO TLB: mapped [mem 0xbbed0000-0xbfed0000] (64MB)
[    2.084861] Scanning for low memory corruption every 60 seconds
[    2.087708] Initialise system trusted keyrings
[    2.087743] Key type blacklist registered
[    2.087935] workingset: timestamp_bits=36 max_order=20 bucket_order=0
[    2.090566] zbud: loaded
[    2.091889] squashfs: version 4.0 (2009/01/31) Phillip Lougher
[    2.092812] fuse init (API version 7.26)
[    2.104162] Key type asymmetric registered
[    2.104163] Asymmetric key parser 'x509' registered
[    2.104259] Block layer SCSI generic (bsg) driver version 0.4 loaded (major 246)
[    2.104656] io scheduler noop registered
[    2.104657] io scheduler deadline registered
[    2.104742] io scheduler cfq registered (default)
[    2.127572] pcieport 0000:00:15.0: Signaling PME with IRQ 24
[    2.127756] pcieport 0000:00:15.1: Signaling PME with IRQ 25
[    2.127936] pcieport 0000:00:15.2: Signaling PME with IRQ 26
[    2.128184] pcieport 0000:00:15.3: Signaling PME with IRQ 27
[    2.128390] pcieport 0000:00:15.4: Signaling PME with IRQ 28
[    2.128601] pcieport 0000:00:15.5: Signaling PME with IRQ 29
[    2.128792] pcieport 0000:00:15.6: Signaling PME with IRQ 30
[    2.128967] pcieport 0000:00:15.7: Signaling PME with IRQ 31
[    2.129177] pcieport 0000:00:16.0: Signaling PME with IRQ 32
[    2.129391] pcieport 0000:00:16.1: Signaling PME with IRQ 33
[    2.129580] pcieport 0000:00:16.2: Signaling PME with IRQ 34
[    2.129753] pcieport 0000:00:16.3: Signaling PME with IRQ 35
[    2.129961] pcieport 0000:00:16.4: Signaling PME with IRQ 36
[    2.130136] pcieport 0000:00:16.5: Signaling PME with IRQ 37
[    2.130312] pcieport 0000:00:16.6: Signaling PME with IRQ 38
[    2.130485] pcieport 0000:00:16.7: Signaling PME with IRQ 39
[    2.130658] pcieport 0000:00:17.0: Signaling PME with IRQ 40
[    2.130951] pcieport 0000:00:17.1: Signaling PME with IRQ 41
[    2.131140] pcieport 0000:00:17.2: Signaling PME with IRQ 42
[    2.131336] pcieport 0000:00:17.3: Signaling PME with IRQ 43
[    2.131582] pcieport 0000:00:17.4: Signaling PME with IRQ 44
[    2.131758] pcieport 0000:00:17.5: Signaling PME with IRQ 45
[    2.131965] pcieport 0000:00:17.6: Signaling PME with IRQ 46
[    2.132209] pcieport 0000:00:17.7: Signaling PME with IRQ 47
[    2.132411] pcieport 0000:00:18.0: Signaling PME with IRQ 48
[    2.132585] pcieport 0000:00:18.1: Signaling PME with IRQ 49
[    2.132795] pcieport 0000:00:18.2: Signaling PME with IRQ 50
[    2.132972] pcieport 0000:00:18.3: Signaling PME with IRQ 51
[    2.133145] pcieport 0000:00:18.4: Signaling PME with IRQ 52
[    2.133340] pcieport 0000:00:18.5: Signaling PME with IRQ 53
[    2.133529] pcieport 0000:00:18.6: Signaling PME with IRQ 54
[    2.133796] pcieport 0000:00:18.7: Signaling PME with IRQ 55
[    2.133874] pciehp 0000:00:15.0:pcie004: Slot #160 AttnBtn+ PwrCtrl+ MRL- AttnInd- PwrInd- HotPlug+ Surprise- Interlock- NoCompl+ LLActRep+
[    2.134010] pciehp 0000:00:15.1:pcie004: Slot #161 AttnBtn+ PwrCtrl+ MRL- AttnInd- PwrInd- HotPlug+ Surprise- Interlock- NoCompl+ LLActRep+
[    2.134147] pciehp 0000:00:15.2:pcie004: Slot #162 AttnBtn+ PwrCtrl+ MRL- AttnInd- PwrInd- HotPlug+ Surprise- Interlock- NoCompl+ LLActRep+
[    2.134234] pciehp 0000:00:15.3:pcie004: Slot #163 AttnBtn+ PwrCtrl+ MRL- AttnInd- PwrInd- HotPlug+ Surprise- Interlock- NoCompl+ LLActRep+
[    2.134331] pciehp 0000:00:15.4:pcie004: Slot #164 AttnBtn+ PwrCtrl+ MRL- AttnInd- PwrInd- HotPlug+ Surprise- Interlock- NoCompl+ LLActRep+
[    2.134418] pciehp 0000:00:15.5:pcie004: Slot #165 AttnBtn+ PwrCtrl+ MRL- AttnInd- PwrInd- HotPlug+ Surprise- Interlock- NoCompl+ LLActRep+
[    2.134561] pciehp 0000:00:15.6:pcie004: Slot #166 AttnBtn+ PwrCtrl+ MRL- AttnInd- PwrInd- HotPlug+ Surprise- Interlock- NoCompl+ LLActRep+
[    2.134650] pciehp 0000:00:15.7:pcie004: Slot #167 AttnBtn+ PwrCtrl+ MRL- AttnInd- PwrInd- HotPlug+ Surprise- Interlock- NoCompl+ LLActRep+
[    2.134737] pciehp 0000:00:16.0:pcie004: Slot #192 AttnBtn+ PwrCtrl+ MRL- AttnInd- PwrInd- HotPlug+ Surprise- Interlock- NoCompl+ LLActRep+
[    2.134959] pciehp 0000:00:16.1:pcie004: Slot #193 AttnBtn+ PwrCtrl+ MRL- AttnInd- PwrInd- HotPlug+ Surprise- Interlock- NoCompl+ LLActRep+
[    2.135047] pciehp 0000:00:16.2:pcie004: Slot #194 AttnBtn+ PwrCtrl+ MRL- AttnInd- PwrInd- HotPlug+ Surprise- Interlock- NoCompl+ LLActRep+
[    2.135134] pciehp 0000:00:16.3:pcie004: Slot #195 AttnBtn+ PwrCtrl+ MRL- AttnInd- PwrInd- HotPlug+ Surprise- Interlock- NoCompl+ LLActRep+
[    2.135254] pciehp 0000:00:16.4:pcie004: Slot #196 AttnBtn+ PwrCtrl+ MRL- AttnInd- PwrInd- HotPlug+ Surprise- Interlock- NoCompl+ LLActRep+
[    2.135415] pciehp 0000:00:16.5:pcie004: Slot #197 AttnBtn+ PwrCtrl+ MRL- AttnInd- PwrInd- HotPlug+ Surprise- Interlock- NoCompl+ LLActRep+
[    2.135502] pciehp 0000:00:16.6:pcie004: Slot #198 AttnBtn+ PwrCtrl+ MRL- AttnInd- PwrInd- HotPlug+ Surprise- Interlock- NoCompl+ LLActRep+
[    2.135590] pciehp 0000:00:16.7:pcie004: Slot #199 AttnBtn+ PwrCtrl+ MRL- AttnInd- PwrInd- HotPlug+ Surprise- Interlock- NoCompl+ LLActRep+
[    2.135677] pciehp 0000:00:17.0:pcie004: Slot #224 AttnBtn+ PwrCtrl+ MRL- AttnInd- PwrInd- HotPlug+ Surprise- Interlock- NoCompl+ LLActRep+
[    2.135798] pciehp 0000:00:17.1:pcie004: Slot #225 AttnBtn+ PwrCtrl+ MRL- AttnInd- PwrInd- HotPlug+ Surprise- Interlock- NoCompl+ LLActRep+
[    2.135919] pciehp 0000:00:17.2:pcie004: Slot #226 AttnBtn+ PwrCtrl+ MRL- AttnInd- PwrInd- HotPlug+ Surprise- Interlock- NoCompl+ LLActRep+
[    2.136019] pciehp 0000:00:17.3:pcie004: Slot #227 AttnBtn+ PwrCtrl+ MRL- AttnInd- PwrInd- HotPlug+ Surprise- Interlock- NoCompl+ LLActRep+
[    2.136194] pciehp 0000:00:17.4:pcie004: Slot #228 AttnBtn+ PwrCtrl+ MRL- AttnInd- PwrInd- HotPlug+ Surprise- Interlock- NoCompl+ LLActRep+
[    2.136281] pciehp 0000:00:17.5:pcie004: Slot #229 AttnBtn+ PwrCtrl+ MRL- AttnInd- PwrInd- HotPlug+ Surprise- Interlock- NoCompl+ LLActRep+
[    2.136370] pciehp 0000:00:17.6:pcie004: Slot #230 AttnBtn+ PwrCtrl+ MRL- AttnInd- PwrInd- HotPlug+ Surprise- Interlock- NoCompl+ LLActRep+
[    2.136457] pciehp 0000:00:17.7:pcie004: Slot #231 AttnBtn+ PwrCtrl+ MRL- AttnInd- PwrInd- HotPlug+ Surprise- Interlock- NoCompl+ LLActRep+
[    2.136544] pciehp 0000:00:18.0:pcie004: Slot #256 AttnBtn+ PwrCtrl+ MRL- AttnInd- PwrInd- HotPlug+ Surprise- Interlock- NoCompl+ LLActRep+
[    2.136631] pciehp 0000:00:18.1:pcie004: Slot #257 AttnBtn+ PwrCtrl+ MRL- AttnInd- PwrInd- HotPlug+ Surprise- Interlock- NoCompl+ LLActRep+
[    2.136752] pciehp 0000:00:18.2:pcie004: Slot #258 AttnBtn+ PwrCtrl+ MRL- AttnInd- PwrInd- HotPlug+ Surprise- Interlock- NoCompl+ LLActRep+
[    2.136840] pciehp 0000:00:18.3:pcie004: Slot #259 AttnBtn+ PwrCtrl+ MRL- AttnInd- PwrInd- HotPlug+ Surprise- Interlock- NoCompl+ LLActRep+
[    2.136927] pciehp 0000:00:18.4:pcie004: Slot #260 AttnBtn+ PwrCtrl+ MRL- AttnInd- PwrInd- HotPlug+ Surprise- Interlock- NoCompl+ LLActRep+
[    2.137014] pciehp 0000:00:18.5:pcie004: Slot #261 AttnBtn+ PwrCtrl+ MRL- AttnInd- PwrInd- HotPlug+ Surprise- Interlock- NoCompl+ LLActRep+
[    2.137135] pciehp 0000:00:18.6:pcie004: Slot #262 AttnBtn+ PwrCtrl+ MRL- AttnInd- PwrInd- HotPlug+ Surprise- Interlock- NoCompl+ LLActRep+
[    2.137223] pciehp 0000:00:18.7:pcie004: Slot #263 AttnBtn+ PwrCtrl+ MRL- AttnInd- PwrInd- HotPlug+ Surprise- Interlock- NoCompl+ LLActRep+
[    2.137425] intel_idle: Please enable MWAIT in BIOS SETUP
[    2.137880] ACPI: AC Adapter [ACAD] (on-line)
[    2.138043] input: Power Button as /devices/LNXSYSTM:00/LNXPWRBN:00/input/input0
[    2.138128] ACPI: Power Button [PWRF]
[    2.139226] Serial: 8250/16550 driver, 32 ports, IRQ sharing enabled
[    2.162868] 00:05: ttyS0 at I/O 0x3f8 (irq = 4, base_baud = 115200) is a 16550A
[    2.168978] Linux agpgart interface v0.103
[    2.169123] agpgart-intel 0000:00:00.0: Intel 440BX Chipset
[    2.170790] agpgart-intel 0000:00:00.0: AGP aperture is 256M @ 0x0
[    2.208487] loop: module loaded
[    2.208630] ata_piix 0000:00:07.1: version 2.13
[    2.209714] scsi host0: ata_piix
[    2.209991] scsi host1: ata_piix
[    2.210047] ata1: PATA max UDMA/33 cmd 0x1f0 ctl 0x3f6 bmdma 0x1060 irq 14
[    2.210048] ata2: PATA max UDMA/33 cmd 0x170 ctl 0x376 bmdma 0x1068 irq 15
[    2.210171] libphy: Fixed MDIO Bus: probed
[    2.210172] tun: Universal TUN/TAP device driver, 1.6
[    2.210356] PPP generic driver version 2.4.2
[    2.210633] ehci_hcd: USB 2.0 'Enhanced' Host Controller (EHCI) Driver
[    2.210785] ehci-pci: EHCI PCI platform driver
[    2.211501] ehci-pci 0000:02:03.0: EHCI Host Controller
[    2.211513] ehci-pci 0000:02:03.0: new USB bus registered, assigned bus number 1
[    2.211675] ehci-pci 0000:02:03.0: cache line size of 64 is not supported
[    2.211705] ehci-pci 0000:02:03.0: irq 17, io mem 0xfd5ef000
[    2.226085] ehci-pci 0000:02:03.0: USB 2.0 started, EHCI 1.00
[    2.226227] usb usb1: New USB device found, idVendor=1d6b, idProduct=0002
[    2.226229] usb usb1: New USB device strings: Mfr=3, Product=2, SerialNumber=1
[    2.226230] usb usb1: Product: EHCI Host Controller
[    2.226232] usb usb1: Manufacturer: Linux 4.15.0-136-generic ehci_hcd
[    2.226233] usb usb1: SerialNumber: 0000:02:03.0
[    2.226855] hub 1-0:1.0: USB hub found
[    2.226888] hub 1-0:1.0: 6 ports detected
[    2.227315] ehci-platform: EHCI generic platform driver
[    2.227332] ohci_hcd: USB 1.1 'Open' Host Controller (OHCI) Driver
[    2.227336] ohci-pci: OHCI PCI platform driver
[    2.227356] ohci-platform: OHCI generic platform driver
[    2.227364] uhci_hcd: USB Universal Host Controller Interface driver
[    2.228318] uhci_hcd 0000:02:00.0: UHCI Host Controller
[    2.228325] uhci_hcd 0000:02:00.0: new USB bus registered, assigned bus number 2
[    2.228408] uhci_hcd 0000:02:00.0: detected 2 ports
[    2.228914] uhci_hcd 0000:02:00.0: irq 18, io base 0x00002080
[    2.229159] usb usb2: New USB device found, idVendor=1d6b, idProduct=0001
[    2.229161] usb usb2: New USB device strings: Mfr=3, Product=2, SerialNumber=1
[    2.229163] usb usb2: Product: UHCI Host Controller
[    2.229164] usb usb2: Manufacturer: Linux 4.15.0-136-generic uhci_hcd
[    2.229165] usb usb2: SerialNumber: 0000:02:00.0
[    2.229362] hub 2-0:1.0: USB hub found
[    2.229368] hub 2-0:1.0: 2 ports detected
[    2.229765] i8042: PNP: PS/2 Controller [PNP0303:KBC,PNP0f13:MOUS] at 0x60,0x64 irq 1,12
[    2.231271] serio: i8042 KBD port at 0x60,0x64 irq 1
[    2.231311] serio: i8042 AUX port at 0x60,0x64 irq 12
[    2.231501] mousedev: PS/2 mouse device common for all mice
[    2.252480] rtc_cmos 00:01: rtc core: registered rtc_cmos as rtc0
[    2.252530] rtc_cmos 00:01: alarms up to one month, y3k, 114 bytes nvram, hpet irqs
[    2.252536] i2c /dev entries driver
[    2.252628] device-mapper: uevent: version 1.0.3
[    2.252760] device-mapper: ioctl: 4.37.0-ioctl (2017-09-20) initialised: dm-devel@redhat.com
[    2.253073] ledtrig-cpu: registered to indicate activity on CPUs
[    2.253190] input: AT Translated Set 2 keyboard as /devices/platform/i8042/serio0/input/input1
[    2.253765] NET: Registered protocol family 10
[    2.264139] Segment Routing with IPv6
[    2.264155] NET: Registered protocol family 17
[    2.264362] Key type dns_resolver registered
[    2.264720] mce: Using 8 MCE banks
[    2.264748] RAS: Correctable Errors collector initialized.
[    2.264756] sched_clock: Marking stable (2264690469, 0)->(2974545516, -709855047)
[    2.265684] registered taskstats version 1
[    2.265690] Loading compiled-in X.509 certificates
[    2.268830] Loaded X.509 cert 'Build time autogenerated kernel key: c356b48d5f070be9e15fb09bbd57426939f0386e'
[    2.268847] zswap: loaded using pool lzo/zbud
[    2.274827] Key type big_key registered
[    2.274831] Key type trusted registered
[    2.277284] Key type encrypted registered
[    2.277286] AppArmor: AppArmor sha1 policy hashing enabled
[    2.277288] ima: No TPM chip found, activating TPM-bypass! (rc=-19)
[    2.277301] ima: Allocated hash algorithm: sha1
[    2.277367] evm: HMAC attrs: 0x1
[    2.282390]   Magic number: 13:535:249
[    2.282547] acpi device:5f: hash matches
[    2.282740] rtc_cmos 00:01: setting system clock to 2021-03-14 22:13:48 UTC (1615760028)
[    2.283195] BIOS EDD facility v0.16 2004-Jun-25, 0 devices found
[    2.283195] EDD information not available.
[    2.393949] Freeing unused kernel image memory: 2440K
[    2.408800] Write protecting the kernel read-only data: 20480k
[    2.409278] Freeing unused kernel image memory: 2008K
[    2.409507] Freeing unused kernel image memory: 1868K
[    2.416219] x86/mm: Checked W+X mappings: passed, no W+X pages found.
[    2.416220] x86/mm: Checking user space page tables
[    2.422543] x86/mm: Checked W+X mappings: passed, no W+X pages found.
[    2.564089] usb 2-1: new full-speed USB device number 2 using uhci_hcd
[    2.740003] usb 2-1: New USB device found, idVendor=0e0f, idProduct=0003
[    2.740005] usb 2-1: New USB device strings: Mfr=1, Product=2, SerialNumber=0
[    2.740006] usb 2-1: Product: VMware Virtual USB Mouse
[    2.740006] usb 2-1: Manufacturer: VMware
[    2.796743] piix4_smbus 0000:00:07.3: SMBus Host Controller not enabled!
[    2.805884] Fusion MPT base driver 3.04.20
[    2.805885] Copyright (c) 1999-2008 LSI Corporation
[    2.807888] Fusion MPT SPI Host driver 3.04.20
[    2.812400] e1000: Intel(R) PRO/1000 Network Driver - version 7.3.21-k8-NAPI
[    2.812401] e1000: Copyright (c) 1999-2006 Intel Corporation.
[    2.822583] mptbase: ioc0: Initiating bringup
[    2.834955] input: VirtualPS/2 VMware VMMouse as /devices/platform/i8042/serio1/input/input4
[    2.835208] input: VirtualPS/2 VMware VMMouse as /devices/platform/i8042/serio1/input/input3
[    2.880230] usb 2-2: new full-speed USB device number 3 using uhci_hcd
[    2.928692] ioc0: LSI53C1030 B0: Capabilities={Initiator}
[    3.064191] usb 2-2: New USB device found, idVendor=0e0f, idProduct=0002
[    3.064192] usb 2-2: New USB device strings: Mfr=1, Product=2, SerialNumber=0
[    3.064193] usb 2-2: Product: VMware Virtual USB Hub
[    3.064194] usb 2-2: Manufacturer: VMware, Inc.
[    3.078165] hub 2-2:1.0: USB hub found
[    3.083150] hub 2-2:1.0: 7 ports detected
[    3.106224] tsc: Refined TSC clocksource calibration: 2807.998 MHz
[    3.106323] clocksource: tsc: mask: 0xffffffffffffffff max_cycles: 0x2879c456dd4, max_idle_ns: 440795285767 ns
[    3.106355] clocksource: Switched to clocksource tsc
[    3.122862] hidraw: raw HID events driver (C) Jiri Kosina
[    3.129644] usbcore: registered new interface driver usbhid
[    3.129645] usbhid: USB HID core driver
[    3.132132] input: VMware VMware Virtual USB Mouse as /devices/pci0000:00/0000:00:11.0/0000:02:00.0/usb2/2-1/2-1:1.0/0003:0E0F:0003.0001/input/input5
[    3.132287] hid-generic 0003:0E0F:0003.0001: input,hidraw0: USB HID v1.10 Mouse [VMware VMware Virtual USB Mouse] on usb-0000:02:00.0-1/input0
[    3.170368] scsi host2: ioc0: LSI53C1030 B0, FwRev=01032920h, Ports=1, MaxQ=128, IRQ=17
[    3.241293] e1000 0000:02:01.0 eth0: (PCI:66MHz:32-bit) 00:0c:29:74:16:46
[    3.241298] e1000 0000:02:01.0 eth0: Intel(R) PRO/1000 Network Connection
[    3.241414] ahci 0000:02:05.0: version 3.0
[    3.244022] ahci 0000:02:05.0: AHCI 0001.0300 32 slots 30 ports 6 Gbps 0x3fffffff impl SATA mode
[    3.244024] ahci 0000:02:05.0: flags: 64bit ncq clo only 
[    3.248187] e1000 0000:02:01.0 ens33: renamed from eth0
[    3.262777] scsi host3: ahci
[    3.263130] scsi host4: ahci
[    3.263457] scsi host5: ahci
[    3.264304] scsi host6: ahci
[    3.264772] scsi host7: ahci
[    3.265440] scsi host8: ahci
[    3.265979] scsi host9: ahci
[    3.266553] scsi host10: ahci
[    3.267188] scsi host11: ahci
[    3.267709] scsi host12: ahci
[    3.268272] scsi host13: ahci
[    3.268690] scsi host14: ahci
[    3.269279] scsi host15: ahci
[    3.269836] scsi host16: ahci
[    3.270220] scsi host17: ahci
[    3.270771] scsi host18: ahci
[    3.271167] scsi host19: ahci
[    3.271541] scsi host20: ahci
[    3.272019] scsi host21: ahci
[    3.272597] scsi host22: ahci
[    3.273290] scsi host23: ahci
[    3.273672] scsi host24: ahci
[    3.274100] scsi host25: ahci
[    3.274669] scsi host26: ahci
[    3.275198] scsi host27: ahci
[    3.275680] scsi host28: ahci
[    3.278310] scsi host29: ahci
[    3.278854] scsi host30: ahci
[    3.279356] scsi host31: ahci
[    3.279758] scsi host32: ahci
[    3.279859] ata3: SATA max UDMA/133 abar m4096@0xfd5ee000 port 0xfd5ee100 irq 56
[    3.279860] ata4: SATA max UDMA/133 abar m4096@0xfd5ee000 port 0xfd5ee180 irq 56
[    3.279861] ata5: SATA max UDMA/133 abar m4096@0xfd5ee000 port 0xfd5ee200 irq 56
[    3.279862] ata6: SATA max UDMA/133 abar m4096@0xfd5ee000 port 0xfd5ee280 irq 56
[    3.279863] ata7: SATA max UDMA/133 abar m4096@0xfd5ee000 port 0xfd5ee300 irq 56
[    3.279863] ata8: SATA max UDMA/133 abar m4096@0xfd5ee000 port 0xfd5ee380 irq 56
[    3.279864] ata9: SATA max UDMA/133 abar m4096@0xfd5ee000 port 0xfd5ee400 irq 56
[    3.279865] ata10: SATA max UDMA/133 abar m4096@0xfd5ee000 port 0xfd5ee480 irq 56
[    3.279865] ata11: SATA max UDMA/133 abar m4096@0xfd5ee000 port 0xfd5ee500 irq 56
[    3.279866] ata12: SATA max UDMA/133 abar m4096@0xfd5ee000 port 0xfd5ee580 irq 56
[    3.279867] ata13: SATA max UDMA/133 abar m4096@0xfd5ee000 port 0xfd5ee600 irq 56
[    3.279867] ata14: SATA max UDMA/133 abar m4096@0xfd5ee000 port 0xfd5ee680 irq 56
[    3.279868] ata15: SATA max UDMA/133 abar m4096@0xfd5ee000 port 0xfd5ee700 irq 56
[    3.279869] ata16: SATA max UDMA/133 abar m4096@0xfd5ee000 port 0xfd5ee780 irq 56
[    3.279869] ata17: SATA max UDMA/133 abar m4096@0xfd5ee000 port 0xfd5ee800 irq 56
[    3.279870] ata18: SATA max UDMA/133 abar m4096@0xfd5ee000 port 0xfd5ee880 irq 56
[    3.279871] ata19: SATA max UDMA/133 abar m4096@0xfd5ee000 port 0xfd5ee900 irq 56
[    3.279871] ata20: SATA max UDMA/133 abar m4096@0xfd5ee000 port 0xfd5ee980 irq 56
[    3.279872] ata21: SATA max UDMA/133 abar m4096@0xfd5ee000 port 0xfd5eea00 irq 56
[    3.279872] ata22: SATA max UDMA/133 abar m4096@0xfd5ee000 port 0xfd5eea80 irq 56
[    3.279873] ata23: SATA max UDMA/133 abar m4096@0xfd5ee000 port 0xfd5eeb00 irq 56
[    3.279874] ata24: SATA max UDMA/133 abar m4096@0xfd5ee000 port 0xfd5eeb80 irq 56
[    3.279874] ata25: SATA max UDMA/133 abar m4096@0xfd5ee000 port 0xfd5eec00 irq 56
[    3.279875] ata26: SATA max UDMA/133 abar m4096@0xfd5ee000 port 0xfd5eec80 irq 56
[    3.279875] ata27: SATA max UDMA/133 abar m4096@0xfd5ee000 port 0xfd5eed00 irq 56
[    3.279876] ata28: SATA max UDMA/133 abar m4096@0xfd5ee000 port 0xfd5eed80 irq 56
[    3.279877] ata29: SATA max UDMA/133 abar m4096@0xfd5ee000 port 0xfd5eee00 irq 56
[    3.279877] ata30: SATA max UDMA/133 abar m4096@0xfd5ee000 port 0xfd5eee80 irq 56
[    3.279878] ata31: SATA max UDMA/133 abar m4096@0xfd5ee000 port 0xfd5eef00 irq 56
[    3.279879] ata32: SATA max UDMA/133 abar m4096@0xfd5ee000 port 0xfd5eef80 irq 56
[    3.342910] scsi 2:0:0:0: Direct-Access     VMware,  VMware Virtual S 1.0  PQ: 0 ANSI: 2
[    3.344734] [drm] DMA map mode: Using physical TTM page addresses.
[    3.344870] [drm] Capabilities:
[    3.344870] [drm]   Rect copy.
[    3.344870] [drm]   Cursor.
[    3.344870] [drm]   Cursor bypass.
[    3.344871] [drm]   Cursor bypass 2.
[    3.344871] [drm]   8bit emulation.
[    3.344871] [drm]   Alpha cursor.
[    3.344872] [drm]   3D.
[    3.344872] [drm]   Extended Fifo.
[    3.344872] [drm]   Multimon.
[    3.344872] [drm]   Pitchlock.
[    3.344872] [drm]   Irq mask.
[    3.344873] [drm]   Display Topology.
[    3.344873] [drm]   GMR.
[    3.344873] [drm]   Traces.
[    3.344873] [drm]   GMR2.
[    3.344874] [drm]   Screen Object 2.
[    3.344874] [drm]   Command Buffers.
[    3.344874] [drm]   Command Buffers 2.
[    3.344874] [drm]   Guest Backed Resources.
[    3.344875] [drm]   DX Features.
[    3.344876] [drm] Max GMR ids is 64
[    3.344876] [drm] Max number of GMR pages is 65536
[    3.344877] [drm] Max dedicated hypervisor surface memory is 0 kiB
[    3.344877] [drm] Maximum display memory size is 262144 kiB
[    3.344878] [drm] VRAM at 0xe8000000 size is 4096 kiB
[    3.344878] [drm] MMIO at 0xfe000000 size is 256 kiB
[    3.344886] [drm] global init.
[    3.345235] [TTM] Zone  kernel: Available graphics memory: 2007922 kiB
[    3.345235] [TTM] Initializing pool allocator
[    3.345238] [TTM] Initializing DMA pool allocator
[    3.345861] [drm] Supports vblank timestamp caching Rev 2 (21.10.2013).
[    3.345861] [drm] No driver support for vblank timestamp query.
[    3.347486] [drm] Screen Target Display device initialized
[    3.347567] [drm] width 640
[    3.347573] [drm] height 480
[    3.347578] [drm] bpp 32
[    3.348807] [drm] Fifo max 0x00040000 min 0x00001000 cap 0x0000077f
[    3.371652] [drm] Using command buffers with DMA pool.
[    3.371681] [drm] DX: yes.
[    3.371682] [drm] Atomic: yes
[    3.398002] fbcon: svgadrmfb (fb0) is primary device
